s 500000
m 1 2
m 3 4
m 5 6
m 7 8
m 9 10
m 11 12
m 13 14
m 15 16
m 17 18
m 19 20
m 21 22
m 23 24
m 25 26
m 27 28
m 29 30
m 31 32
m 33 34
m 35 36
m 37 38
m 39 40
m 41 42
m 43 44
m 45 46
m 47 48
m 49 50
m 51 52
m 53 54
m 55 56
m 57 58
m 59 60
m 61 62
m 63 64
m 65 66
m 67 68
m 69 70
m 71 72
m 73 74
m 75 76
m 77 78
m 79 80
m 81 82
m 83 84
m 85 86
m 87 88
m 89 90
m 91 92
m 93 94
m 95 96
m 97 98
m 99 100
m 101 102
m 103 104
m 105 106
m 107 108
m 109 110
m 111 112
m 113 114
m 115 116
m 117 118
m 119 120
m 121 122
m 123 124
m 125 126
m 127 128
m 129 130
m 131 132
m 133 134
m 135 136
m 137 138
m 139 140
m 141 142
m 143 144
m 145 146
m 147 148
m 149 150
m 151 152
m 153 154
m 155 156
m 157 158
m 159 160
m 161 162
m 163 164
m 165 166
m 167 168
m 169 170
m 171 172
m 173 174
m 175 176
m 177 178
m 179 180
m 181 182
m 183 184
m 185 186
m 187 188
m 189 190
m 191 192
m 193 194
m 195 196
m 197 198
m 199 200
m 201 202
m 203 204
m 205 206
m 207 208
m 209 210
m 211 212
m 213 214
m 215 216
m 217 218
m 219 220
m 221 222
m 223 224
m 225 226
m 227 228
m 229 230
m 231 232
m 233 234
m 235 236
m 237 238
m 239 240
m 241 242
m 243 244
m 245 246
m 247 248
m 249 250
m 251 252
m 253 254
m 255 256
m 257 258
m 259 260
m 261 262
m 263 264
m 265 266
m 267 268
m 269 270
m 271 272
m 273 274
m 275 276
m 277 278
m 279 280
m 281 282
m 283 284
m 285 286
m 287 288
m 289 290
m 291 292
m 293 294
m 295 296
m 297 298
m 299 300
m 301 302
m 303 304
m 305 306
m 307 308
m 309 310
m 311 312
m 313 314
m 315 316
m 317 318
m 319 320
m 321 322
m 323 324
m 325 326
m 327 328
m 329 330
m 331 332
m 333 334
m 335 336
m 337 338
m 339 340
m 341 342
m 343 344
m 345 346
m 347 348
m 349 350
m 351 352
m 353 354
m 355 356
m 357 358
m 359 360
m 361 362
m 363 364
m 365 366
m 367 368
m 369 370
m 371 372
m 373 374
m 375 376
m 377 378
m 379 380
m 381 382
m 383 384
m 385 386
m 387 388
m 389 390
m 391 392
m 393 394
m 395 396
m 397 398
m 399 400
m 401 402
m 403 404
m 405 406
m 407 408
m 409 410
m 411 412
m 413 414
m 415 416
m 417 418
m 419 420
m 421 422
m 423 424
m 425 426
m 427 428
m 429 430
m 431 432
m 433 434
m 435 436
m 437 438
m 439 440
m 441 442
m 443 444
m 445 446
m 447 448
m 449 450
m 451 452
m 453 454
m 455 456
m 457 458
m 459 460
m 461 462
m 463 464
m 465 466
m 467 468
m 469 470
m 471 472
m 473 474
m 475 476
m 477 478
m 479 480
m 481 482
m 483 484
m 485 486
m 487 488
m 489 490
m 491 492
m 493 494
m 495 496
m 497 498
m 499 500
m 501 502
m 503 504
m 505 506
m 507 508
m 509 510
m 511 512
m 513 514
m 515 516
m 517 518
m 519 520
m 521 522
m 523 524
m 525 526
m 527 528
m 529 530
m 531 532
m 533 534
m 535 536
m 537 538
m 539 540
m 541 542
m 543 544
m 545 546
m 547 548
m 549 550
m 551 552
m 553 554
m 555 556
m 557 558
m 559 560
m 561 562
m 563 564
m 565 566
m 567 568
m 569 570
m 571 572
m 573 574
m 575 576
m 577 578
m 579 580
m 581 582
m 583 584
m 585 586
m 587 588
m 589 590
m 591 592
m 593 594
m 595 596
m 597 598
m 599 600
m 601 602
m 603 604
m 605 606
m 607 608
m 609 610
m 611 612
m 613 614
m 615 616
m 617 618
m 619 620
m 621 622
m 623 624
m 625 626
m 627 628
m 629 630
m 631 632
m 633 634
m 635 636
m 637 638
m 639 640
m 641 642
m 643 644
m 645 646
m 647 648
m 649 650
m 651 652
m 653 654
m 655 656
m 657 658
m 659 660
m 661 662
m 663 664
m 665 666
m 667 668
m 669 670
m 671 672
m 673 674
m 675 676
m 677 678
m 679 680
m 681 682
m 683 684
m 685 686
m 687 688
m 689 690
m 691 692
m 693 694
m 695 696
m 697 698
m 699 700
m 701 702
m 703 704
m 705 706
m 707 708
m 709 710
m 711 712
m 713 714
m 715 716
m 717 718
m 719 720
m 721 722
m 723 724
m 725 726
m 727 728
m 729 730
m 731 732
m 733 734
m 735 736
m 737 738
m 739 740
m 741 742
m 743 744
m 745 746
m 747 748
m 749 750
m 751 752
m 753 754
m 755 756
m 757 758
m 759 760
m 761 762
m 763 764
m 765 766
m 767 768
m 769 770
m 771 772
m 773 774
m 775 776
m 777 778
m 779 780
m 781 782
m 783 784
m 785 786
m 787 788
m 789 790
m 791 792
m 793 794
m 795 796
m 797 798
m 799 800
m 801 802
m 803 804
m 805 806
m 807 808
m 809 810
m 811 812
m 813 814
m 815 816
m 817 818
m 819 820
m 821 822
m 823 824
m 825 826
m 827 828
m 829 830
m 831 832
m 833 834
m 835 836
m 837 838
m 839 840
m 841 842
m 843 844
m 845 846
m 847 848
m 849 850
m 851 852
m 853 854
m 855 856
m 857 858
m 859 860
m 861 862
m 863 864
m 865 866
m 867 868
m 869 870
m 871 872
m 873 874
m 875 876
m 877 878
m 879 880
m 881 882
m 883 884
m 885 886
m 887 888
m 889 890
m 891 892
m 893 894
m 895 896
m 897 898
m 899 900
m 901 902
m 903 904
m 905 906
m 907 908
m 909 910
m 911 912
m 913 914
m 915 916
m 917 918
m 919 920
m 921 922
m 923 924
m 925 926
m 927 928
m 929 930
m 931 932
m 933 934
m 935 936
m 937 938
m 939 940
m 941 942
m 943 944
m 945 946
m 947 948
m 949 950
m 951 952
m 953 954
m 955 956
m 957 958
m 959 960
m 961 962
m 963 964
m 965 966
m 967 968
m 969 970
m 971 972
m 973 974
m 975 976
m 977 978
m 979 980
m 981 982
m 983 984
m 985 986
m 987 988
m 989 990
m 991 992
m 993 994
m 995 996
m 997 998
m 999 1000
