s 1331153607
m 1 1147
m 2 1976
m 3 803
m 4 8
m 5 3268
m 6 2101
m 7 1194
m 9 1763
m 10 2718
m 11 3278
m 13 608
m 14 3609
m 15 2373
m 16 2333
m 19 3568
m 21 115
m 22 73
m 23 3105
m 24 1491
m 25 1580
m 26 2210
m 27 3681
m 28 3624
m 29 2790
m 30 2036
m 31 1727
m 32 773
m 33 885
m 34 324
m 35 2412
m 36 2274
m 37 1550
m 38 173
m 39 2074
m 40 84
m 41 490
m 42 2741
m 43 2942
m 45 2247
m 46 2332
m 47 590
m 48 2134
m 49 766
m 51 856
m 53 160
m 54 516
m 55 3659
m 57 2909
m 58 3443
m 59 864
m 60 2583
m 61 3111
m 62 2975
m 63 1930
m 65 2017
m 66 489
m 67 2609
m 68 756
m 70 3867
m 71 3498
m 72 2300
m 74 478
m 76 3348
m 78 1371
m 79 894
m 80 1476
m 81 1010
m 82 257
m 83 3380
m 85 198
m 87 354
m 89 3449
m 90 3205
m 91 2754
m 92 1024
m 93 742
m 94 943
m 95 2561
m 96 1809
m 97 1174
m 98 2026
m 100 2467
m 102 2944
m 103 749
m 105 567
m 106 3668
m 107 1418
m 108 715
m 109 3128
m 111 1764
m 112 645
m 113 2537
m 114 1361
m 116 678
m 117 174
m 118 421
m 119 2508
m 120 3483
m 121 1139
m 122 3291
m 123 3196
m 124 3180
m 125 2585
m 126 1546
m 127 3290
m 129 1352
m 130 2293
m 131 3263
m 132 3007
m 133 1982
m 134 1731
m 136 2273
m 137 328
m 139 2555
m 141 2297
m 142 1223
m 143 811
m 144 511
m 145 1488
m 146 580
m 149 3426
m 153 3177
m 156 2723
m 157 3428
m 158 3347
m 159 2946
m 163 2505
m 164 1996
m 166 694
m 167 2228
m 168 3072
m 169 857
m 172 822
m 176 3416
m 177 1110
m 178 410
m 181 1104
m 182 1178
m 183 2894
m 186 441
m 187 1322
m 188 753
m 189 2179
m 190 2600
m 192 1862
m 193 1737
m 194 1946
m 197 1287
m 199 2367
m 200 2455
m 201 2246
m 202 1344
m 203 3732
m 204 3095
m 207 776
m 208 887
m 209 963
m 211 2266
m 213 2493
m 214 1597
m 215 778
m 216 3360
m 217 296
m 218 358
m 219 1074
m 220 3400
m 221 1832
m 222 1122
m 223 2844
m 224 2476
m 225 1742
m 226 2557
m 227 1706
m 228 2489
m 232 3117
m 233 423
m 234 1224
m 235 1912
m 237 2091
m 238 1910
m 239 2362
m 240 2836
m 241 3141
m 242 2027
m 243 703
m 244 2799
m 245 1659
m 246 2407
m 249 465
m 250 3364
m 251 2473
m 252 1294
m 253 3565
m 254 1486
m 255 2500
m 256 3804
m 258 309
m 259 2787
m 260 1470
m 262 334
m 263 1775
m 264 3356
m 267 507
m 268 634
m 269 2054
m 270 2517
m 272 586
m 274 2693
m 275 1083
m 277 1069
m 279 549
m 280 2920
m 281 806
m 282 989
m 283 1285
m 284 3384
m 285 500
m 286 1972
m 288 1155
m 293 1231
m 294 986
m 295 654
m 297 2156
m 298 2711
m 299 2211
m 300 2842
m 302 1792
m 303 1326
m 304 3315
m 305 2910
m 306 2695
m 307 2965
m 308 3572
m 310 1031
m 311 3334
m 313 382
m 314 898
m 315 1254
m 316 1015
m 317 2055
m 318 1516
m 319 1456
m 320 440
m 321 579
m 322 3207
m 323 2904
m 325 1629
m 327 521
m 331 735
m 332 902
m 333 2230
m 335 2927
m 336 1827
m 337 1166
m 338 2848
m 339 1592
m 340 3692
m 341 820
m 342 2239
m 343 3817
m 344 2261
m 345 1993
m 346 2994
m 347 1413
m 348 3542
m 349 1787
m 350 2520
m 351 3025
m 353 1125
m 357 1867
m 359 2251
m 360 1137
m 361 1027
m 362 3355
m 363 3070
m 364 2352
m 367 3615
m 369 2802
m 370 817
m 371 2243
m 374 2317
m 375 1317
m 380 3246
m 384 1394
m 385 1454
m 386 1505
m 387 3378
m 389 1247
m 390 3553
m 391 1748
m 393 2934
m 395 1208
m 396 557
m 397 3478
m 398 2487
m 400 1623
m 402 1097
m 403 2893
m 404 2703
m 405 3701
m 406 3960
m 409 1447
m 411 2623
m 412 3980
m 413 890
m 414 2511
m 415 2632
m 416 2892
m 418 2847
m 419 1184
m 420 2073
m 422 2383
m 424 1649
m 426 1700
m 427 1612
m 429 1979
m 430 1276
m 431 3092
m 433 1689
m 434 1810
m 435 1877
m 436 1070
m 437 2164
m 438 3896
m 439 2615
m 444 4000
m 445 1729
m 446 1834
m 447 2385
m 449 2172
m 450 3307
m 452 2932
m 453 792
m 454 690
m 455 2125
m 456 1790
m 457 761
m 459 2619
m 460 2171
m 461 2980
m 462 1241
m 463 2428
m 464 635
m 467 1229
m 468 525
m 470 2163
m 472 911
m 474 3758
m 475 1145
m 477 2574
m 482 3154
m 483 3274
m 484 2532
m 485 3028
m 486 3176
m 487 2629
m 488 1666
m 491 3093
m 492 1067
m 493 2416
m 494 3221
m 495 3482
m 496 1152
m 501 1471
m 502 637
m 503 2814
m 505 2301
m 506 1524
m 510 2105
m 512 2045
m 513 1928
m 514 2174
m 517 1243
m 518 3647
m 519 3438
m 520 3165
m 522 1579
m 524 629
m 526 1370
m 527 765
m 528 2420
m 529 2820
m 531 1011
m 532 3564
m 533 2299
m 534 3919
m 535 1521
m 536 2837
m 537 805
m 538 3531
m 539 1588
m 540 1865
m 541 925
m 543 1953
m 544 658
m 545 2710
m 546 1614
m 547 1637
m 548 1707
m 551 2234
m 552 3511
m 553 3581
m 554 617
m 555 840
m 556 3326
m 558 2278
m 559 2950
m 560 2753
m 561 2721
m 562 1442
m 563 2704
m 564 2092
m 565 1159
m 566 2282
m 568 1940
m 569 585
m 570 3368
m 571 2774
m 572 772
m 573 652
m 576 3900
m 578 3814
m 581 1019
m 582 2592
m 583 988
m 587 1207
m 588 2410
m 589 2102
m 591 3213
m 592 2170
m 593 1358
m 594 2707
m 595 2659
m 596 3678
m 597 2440
m 598 3906
m 599 1298
m 600 958
m 601 768
m 602 1517
m 603 3635
m 604 2881
m 605 3713
m 606 718
m 607 1375
m 609 2258
m 610 1350
m 611 1924
m 612 2618
m 614 942
m 616 2608
m 618 1428
m 621 3887
m 622 791
m 623 954
m 626 1711
m 627 983
m 628 710
m 631 2938
m 632 863
m 633 754
m 636 2865
m 638 3772
m 639 2123
m 640 3754
m 641 2220
m 643 3841
m 644 2374
m 646 1902
m 647 1455
m 648 1527
m 653 2699
m 656 1382
m 657 1492
m 659 1292
m 660 3243
m 661 2993
m 662 3336
m 663 3122
m 664 2265
m 665 2204
m 666 1195
m 667 3225
m 668 2737
m 669 2838
m 670 1680
m 671 1169
m 673 1816
m 674 824
m 676 1670
m 677 1020
m 679 2674
m 680 2631
m 681 2878
m 682 1534
m 684 2580
m 685 3769
m 686 2118
m 687 3029
m 688 1115
m 689 3489
m 691 1342
m 692 3936
m 693 1510
m 696 927
m 697 3703
m 699 3132
m 700 2368
m 701 2181
m 702 2625
m 704 1788
m 705 3935
m 706 1075
m 707 1000
m 708 3466
m 714 1901
m 716 2129
m 717 790
m 720 784
m 721 951
m 723 2591
m 725 3677
m 726 1412
m 728 1405
m 729 1106
m 730 2256
m 731 2739
m 736 1562
m 737 2126
m 738 984
m 739 1772
m 740 2269
m 741 3984
m 743 2290
m 744 1822
m 745 1379
m 746 1237
m 747 2818
m 748 2897
m 750 2288
m 752 2929
m 755 2763
m 758 1973
m 759 831
m 760 2318
m 762 2414
m 763 1221
m 764 2099
m 769 1656
m 770 3118
m 771 3198
m 775 1766
m 777 2905
m 779 1884
m 780 2834
m 781 993
m 783 1238
m 785 1542
m 786 1120
m 787 2781
m 788 3223
m 789 3187
m 793 1638
m 795 1915
m 796 2316
m 797 1048
m 798 3190
m 799 818
m 802 1893
m 804 1935
m 808 2295
m 809 3653
m 810 3652
m 812 3262
m 813 2767
m 814 2858
m 815 1617
m 816 2726
m 819 1859
m 823 1530
m 825 940
m 829 2782
m 830 3208
m 832 2645
m 833 3329
m 835 3513
m 839 2237
m 841 1920
m 842 2734
m 844 1367
m 845 2694
m 846 2024
m 847 1198
m 848 959
m 849 1211
m 850 1348
m 851 2012
m 852 3041
m 853 3749
m 854 2226
m 855 1813
m 858 2578
m 859 2987
m 860 2880
m 861 2267
m 862 3798
m 865 1309
m 866 3874
m 868 1132
m 869 3389
m 870 2006
m 872 2827
m 874 1457
m 875 2235
m 876 2976
m 877 2498
m 878 3021
m 879 2330
m 880 1871
m 881 2207
m 882 3404
m 883 3775
m 884 2958
m 888 2468
m 889 3353
m 891 1960
m 892 2057
m 895 2556
m 896 1427
m 897 1874
m 899 3432
m 900 1204
m 903 1997
m 904 2021
m 907 3934
m 909 1545
m 912 3301
m 913 3272
m 915 1417
m 916 1469
m 918 1887
m 919 3407
m 922 1568
m 923 1681
m 924 1480
m 926 3435
m 928 2240
m 929 3622
m 931 1482
m 934 3649
m 935 2029
m 936 3152
m 937 1845
m 939 3766
m 941 2667
m 944 2559
m 945 1153
m 946 3676
m 947 2370
m 949 2309
m 955 1485
m 957 1206
m 960 1056
m 962 1627
m 966 2377
m 967 1804
m 968 2534
m 969 2483
m 970 2657
m 971 1497
m 972 2185
m 973 3138
m 974 1782
m 975 1600
m 979 1493
m 980 3049
m 987 3765
m 990 1794
m 991 1259
m 992 3680
m 994 2859
m 995 999
m 996 1826
m 997 1157
m 998 3015
m 1002 2569
m 1003 3939
m 1004 1409
m 1006 1875
m 1007 3696
m 1008 2780
m 1009 1593
m 1012 1879
m 1013 3551
m 1014 1710
m 1016 2917
m 1018 3461
m 1021 3311
m 1022 3053
m 1023 2502
m 1025 3967
m 1028 1172
m 1029 1123
m 1030 2397
m 1032 1595
m 1033 3796
m 1034 2380
m 1035 1484
m 1036 2077
m 1037 1533
m 1038 1473
m 1039 2941
m 1040 2408
m 1041 1556
m 1044 3930
m 1046 3081
m 1049 2037
m 1050 3607
m 1051 2776
m 1052 2109
m 1053 3848
m 1054 2130
m 1055 1421
m 1057 1765
m 1058 3220
m 1059 3608
m 1060 1316
m 1061 1433
m 1062 2325
m 1064 1696
m 1065 1136
m 1066 3850
m 1068 3504
m 1071 1099
m 1072 3008
m 1073 2429
m 1076 3395
m 1077 2819
m 1081 1888
m 1082 1687
m 1084 2110
m 1085 3302
m 1087 3235
m 1090 1554
m 1091 1372
m 1092 2356
m 1093 3446
m 1094 3229
m 1096 2875
m 1100 1270
m 1101 1594
m 1102 1214
m 1103 2722
m 1105 1870
m 1108 1161
m 1111 3515
m 1112 3518
m 1114 1599
m 1116 2249
m 1117 3459
m 1118 1784
m 1121 1320
m 1124 3312
m 1126 1856
m 1127 1783
m 1128 1445
m 1129 1435
m 1130 3046
m 1131 2145
m 1133 1721
m 1134 2281
m 1135 1957
m 1140 1489
m 1142 2978
m 1143 2178
m 1146 3296
m 1148 3281
m 1149 2485
m 1150 3519
m 1151 1540
m 1154 3614
m 1158 2656
m 1162 3419
m 1163 2152
m 1164 2155
m 1165 1307
m 1167 3916
m 1168 1402
m 1170 1459
m 1173 2031
m 1176 2490
m 1177 3658
m 1179 1552
m 1181 2340
m 1182 3833
m 1183 3101
m 1186 1357
m 1187 2382
m 1189 1297
m 1190 2955
m 1191 2013
m 1192 1396
m 1196 3382
m 1197 3998
m 1200 1853
m 1201 2094
m 1202 2792
m 1203 1955
m 1205 2157
m 1209 3174
m 1210 2655
m 1213 2224
m 1216 3339
m 1217 1611
m 1218 3768
m 1220 1932
m 1225 2751
m 1226 3904
m 1227 3013
m 1228 2890
m 1232 3556
m 1233 2969
m 1234 2689
m 1235 2194
m 1236 2986
m 1239 2117
m 1242 2011
m 1244 2915
m 1245 3595
m 1246 1555
m 1248 3267
m 1249 2775
m 1251 1828
m 1252 2279
m 1253 3601
m 1255 3460
m 1256 1692
m 1257 3163
m 1258 2762
m 1260 3465
m 1262 2121
m 1265 2678
m 1267 2960
m 1268 3679
m 1271 1733
m 1272 3637
m 1273 1355
m 1274 1490
m 1275 1952
m 1277 1610
m 1278 1453
m 1279 3735
m 1280 2758
m 1281 3688
m 1282 1567
m 1283 1332
m 1284 3651
m 1286 1319
m 1288 2801
m 1289 2594
m 1290 1636
m 1291 2360
m 1293 2516
m 1295 3689
m 1296 1714
m 1299 1451
m 1300 2640
m 1301 2991
m 1302 3778
m 1303 1645
m 1304 2484
m 1305 3150
m 1306 2312
m 1308 3059
m 1310 1598
m 1311 2160
m 1312 1544
m 1313 3137
m 1314 3410
m 1315 3094
m 1318 3184
m 1321 3453
m 1323 2796
m 1324 1886
m 1325 1329
m 1328 3499
m 1330 3964
m 1331 2208
m 1333 3509
m 1334 3222
m 1335 2495
m 1337 3318
m 1338 3589
m 1339 2912
m 1340 2209
m 1343 2862
m 1345 2432
m 1346 2147
m 1347 1835
m 1351 1377
m 1353 1958
m 1354 2604
m 1362 2212
m 1363 3226
m 1365 2355
m 1366 1812
m 1368 1558
m 1369 3134
m 1373 2409
m 1374 3694
m 1376 3545
m 1380 1570
m 1381 2652
m 1383 3420
m 1384 3026
m 1385 1899
m 1387 3791
m 1388 3543
m 1389 3043
m 1390 2769
m 1392 2106
m 1393 1503
m 1395 2998
m 1397 2748
m 1398 2080
m 1401 3832
m 1403 2634
m 1404 1472
m 1407 1896
m 1408 3741
m 1410 2365
m 1414 3238
m 1415 3628
m 1416 1964
m 1419 2286
m 1422 3911
m 1424 1564
m 1425 3159
m 1426 2153
m 1429 1513
m 1431 2184
m 1432 2199
m 1434 3506
m 1436 2882
m 1437 3409
m 1438 1616
m 1439 2522
m 1440 3764
m 1441 1655
m 1443 1575
m 1444 3530
m 1446 2507
m 1448 1900
m 1449 1994
m 1450 1753
m 1458 3402
m 1462 2864
m 1463 1578
m 1464 3429
m 1465 2097
m 1466 2463
m 1468 1690
m 1478 3017
m 1481 3835
m 1487 2756
m 1495 1596
m 1496 3992
m 1498 3505
m 1499 2390
m 1500 2586
m 1501 1805
m 1502 1507
m 1504 2641
m 1506 3120
m 1508 3209
m 1509 2831
m 1511 1907
m 1512 1962
m 1514 2065
m 1515 2457
m 1518 3259
m 1519 2510
m 1520 3451
m 1522 3396
m 1523 1767
m 1525 3286
m 1526 1684
m 1531 1755
m 1535 2304
m 1536 2331
m 1537 2268
m 1541 3337
m 1543 3491
m 1548 2646
m 1549 3214
m 1551 3379
m 1553 3161
m 1557 2692
m 1559 3736
m 1561 3377
m 1563 3271
m 1565 3394
m 1566 2402
m 1569 2886
m 1573 2852
m 1574 3102
m 1576 2010
m 1577 2321
m 1581 1846
m 1583 1671
m 1585 3071
m 1586 2956
m 1587 3786
m 1589 1725
m 1590 2691
m 1602 1702
m 1603 2405
m 1604 2635
m 1606 2040
m 1607 3760
m 1608 3218
m 1609 3673
m 1613 2861
m 1615 3178
m 1618 2743
m 1621 3032
m 1622 1927
m 1624 1892
m 1625 2415
m 1626 2051
m 1630 2342
m 1631 3450
m 1632 3156
m 1635 2221
m 1639 3612
m 1640 2503
m 1641 2579
m 1642 2361
m 1646 1778
m 1647 2337
m 1648 2979
m 1651 2376
m 1652 3361
m 1653 3023
m 1654 2833
m 1657 1918
m 1658 2303
m 1660 2387
m 1661 2939
m 1662 2344
m 1663 2607
m 1664 1739
m 1667 2770
m 1668 3170
m 1669 2023
m 1672 2062
m 1673 2284
m 1675 1911
m 1676 2310
m 1677 3358
m 1678 2166
m 1679 3523
m 1683 2015
m 1685 2056
m 1686 3826
m 1688 1749
m 1691 2323
m 1693 2379
m 1694 3067
m 1695 2622
m 1697 2730
m 1698 2587
m 1701 2158
m 1705 2871
m 1708 3922
m 1709 2486
m 1712 2611
m 1715 1906
m 1716 3398
m 1717 3009
m 1718 2959
m 1719 3287
m 1722 1774
m 1724 3293
m 1728 3618
m 1730 3227
m 1732 3203
m 1734 2042
m 1735 3234
m 1736 3797
m 1738 2213
m 1741 2736
m 1743 2217
m 1744 2359
m 1745 3962
m 1750 2245
m 1752 3254
m 1754 2612
m 1757 2014
m 1758 1950
m 1759 2445
m 1760 2778
m 1762 2098
m 1768 2188
m 1769 2272
m 1770 2984
m 1776 3251
m 1777 2122
m 1779 2785
m 1781 2084
m 1785 2554
m 1786 1852
m 1789 3881
m 1791 2595
m 1793 2649
m 1795 2773
m 1797 3068
m 1798 2575
m 1799 2553
m 1800 2665
m 1802 3002
m 1806 2459
m 1807 2684
m 1808 3103
m 1811 1872
m 1815 2471
m 1817 2378
m 1818 3392
m 1819 3171
m 1820 2936
m 1824 3258
m 1825 1942
m 1829 3767
m 1831 2854
m 1833 2765
m 1836 2995
m 1837 2766
m 1838 3849
m 1839 2371
m 1840 2386
m 1841 2144
m 1842 3250
m 1843 2466
m 1844 1948
m 1847 3510
m 1848 1933
m 1849 3194
m 1850 3125
m 1851 3048
m 1854 3386
m 1855 2499
m 1857 2039
m 1860 3944
m 1861 3216
m 1863 3433
m 1864 3762
m 1866 2375
m 1868 3136
m 1869 3514
m 1873 2714
m 1878 3819
m 1880 2676
m 1882 3022
m 1883 2443
m 1885 2052
m 1891 2538
m 1894 2928
m 1895 3535
m 1897 2840
m 1898 2001
m 1903 2464
m 1904 2948
m 1908 2514
m 1913 3538
m 1914 2423
m 1916 2807
m 1917 2007
m 1919 3757
m 1921 3294
m 1922 2735
m 1925 2647
m 1926 3585
m 1934 2530
m 1937 3200
m 1939 2869
m 1941 2214
m 1943 3012
m 1945 2088
m 1947 2985
m 1949 2133
m 1951 3576
m 1954 2151
m 1956 2549
m 1959 2399
m 1961 3033
m 1963 3439
m 1965 3430
m 1968 2961
m 1969 2287
m 1970 3448
m 1971 3096
m 1974 3275
m 1975 3632
m 1977 3738
m 1978 2664
m 1981 2119
m 1983 3908
m 1984 2671
m 1985 2541
m 1987 3181
m 1988 3365
m 1989 2542
m 1991 2680
m 1992 2512
m 1995 2839
m 1998 3883
m 1999 3352
m 2000 2826
m 2002 3966
m 2003 2165
m 2004 3305
m 2005 3100
m 2008 3672
m 2009 2183
m 2016 3157
m 2018 3700
m 2019 3325
m 2022 3143
m 2025 3636
m 2028 2697
m 2030 2524
m 2032 3787
m 2034 3886
m 2035 3783
m 2038 3723
m 2041 2475
m 2043 2860
m 2046 3475
m 2047 3742
m 2048 3300
m 2050 2662
m 2053 3918
m 2058 3279
m 2059 2215
m 2060 3233
m 2063 3088
m 2064 3824
m 2067 2311
m 2068 2593
m 2069 2404
m 2070 2248
m 2071 2168
m 2076 2135
m 2079 2124
m 2082 2430
m 2083 2669
m 2086 2298
m 2087 2225
m 2089 2791
m 2090 3958
m 2095 2562
m 2096 3083
m 2100 3124
m 2103 2426
m 2104 2448
m 2107 2400
m 2108 3131
m 2111 3748
m 2113 2494
m 2114 2957
m 2115 2137
m 2116 3316
m 2120 2289
m 2128 3284
m 2131 3247
m 2132 3907
m 2136 2672
m 2138 2547
m 2139 2451
m 2140 2252
m 2141 3168
m 2142 3391
m 2143 3116
m 2146 3257
m 2148 2720
m 2150 3611
m 2154 3771
m 2159 3592
m 2161 2173
m 2162 3484
m 2169 2888
m 2175 3709
m 2176 2328
m 2177 2816
m 2180 2424
m 2182 3707
m 2186 2943
m 2187 2653
m 2189 2479
m 2190 3788
m 2192 3313
m 2195 2389
m 2196 2450
m 2197 3502
m 2198 2393
m 2201 2581
m 2202 2733
m 2203 2350
m 2205 2346
m 2206 2923
m 2216 3536
m 2218 3868
m 2219 3776
m 2223 2526
m 2227 2398
m 2229 3856
m 2231 3584
m 2232 3166
m 2233 2241
m 2242 2599
m 2244 3269
m 2250 2911
m 2253 3231
m 2254 3211
m 2255 2849
m 2257 3146
m 2259 2277
m 2260 3857
m 2262 3330
m 2263 3947
m 2264 2560
m 2270 3292
m 2271 3743
m 2275 3089
m 2276 3447
m 2280 3625
m 2283 3725
m 2292 2391
m 2296 2760
m 2306 2536
m 2307 3237
m 2308 3327
m 2313 3567
m 2314 2683
m 2315 3717
m 2319 3898
m 2320 2800
m 2322 2564
m 2324 3997
m 2327 3697
m 2329 3938
m 2334 2999
m 2335 2872
m 2336 3571
m 2338 2701
m 2339 3914
m 2341 2908
m 2343 2436
m 2345 3148
m 2347 3706
m 2348 3320
m 2351 2922
m 2353 3399
m 2354 3309
m 2357 2876
m 2358 3487
m 2363 3123
m 2364 3803
m 2366 2654
m 2369 2460
m 2372 2795
m 2381 2829
m 2384 2663
m 2392 2565
m 2394 2462
m 2396 3847
m 2401 2902
m 2403 3297
m 2406 3401
m 2411 3298
m 2417 3485
m 2418 2544
m 2419 3569
m 2421 2808
m 2422 2797
m 2425 2626
m 2431 3155
m 2433 2906
m 2435 3098
m 2437 3642
m 2438 3422
m 2439 2628
m 2441 3273
m 2442 3575
m 2446 3718
m 2447 2643
m 2449 3490
m 2452 2568
m 2453 3630
m 2454 2921
m 2456 2779
m 2458 2523
m 2461 2596
m 2465 3149
m 2469 2702
m 2472 2548
m 2474 3481
m 2478 3104
m 2480 2527
m 2481 3097
m 2482 3921
m 2488 2879
m 2491 2992
m 2492 3579
m 2496 3643
m 2497 3195
m 2501 2771
m 2504 3782
m 2506 2613
m 2513 2830
m 2515 2794
m 2518 3323
m 2519 2573
m 2521 3468
m 2525 3248
m 2528 3746
m 2529 3321
m 2531 3179
m 2533 3578
m 2535 3885
m 2539 3322
m 2540 2727
m 2543 2832
m 2545 2764
m 2546 2650
m 2550 3665
m 2552 3232
m 2558 3873
m 2563 2597
m 2566 3780
m 2570 3987
m 2571 3175
m 2576 3843
m 2577 3619
m 2582 3566
m 2584 2589
m 2588 3063
m 2590 3224
m 2598 3740
m 2601 3367
m 2602 3729
m 2603 3051
m 2605 3001
m 2606 3037
m 2614 2661
m 2616 2883
m 2617 3073
m 2621 2636
m 2624 3011
m 2627 3319
m 2633 2713
m 2637 2744
m 2639 3943
m 2642 3794
m 2644 3730
m 2648 3079
m 2651 3473
m 2658 2874
m 2660 3306
m 2670 3277
m 2673 3440
m 2675 3750
m 2677 3265
m 2679 2749
m 2681 3464
m 2682 2914
m 2685 3034
m 2686 2809
m 2687 2868
m 2688 3027
m 2690 3646
m 2696 2738
m 2698 2742
m 2700 3397
m 2705 3554
m 2706 3570
m 2708 2761
m 2709 3462
m 2716 3912
m 2717 3121
m 2719 2900
m 2724 3978
m 2725 3969
m 2728 3845
m 2729 3030
m 2731 2870
m 2732 3425
m 2740 3335
m 2745 2873
m 2746 3372
m 2747 3345
m 2750 3362
m 2752 3880
m 2755 2996
m 2757 3495
m 2759 3193
m 2768 2974
m 2772 3574
m 2777 3169
m 2783 2954
m 2784 3242
m 2786 3933
m 2788 3737
m 2789 3249
m 2793 3497
m 2798 2824
m 2803 3623
m 2804 2895
m 2805 3993
m 2810 3840
m 2811 3010
m 2812 3547
m 2813 3486
m 2815 3240
m 2817 3295
m 2821 3144
m 2822 3650
m 2823 2983
m 2825 3864
m 2828 3503
m 2835 2841
m 2843 3158
m 2845 2877
m 2846 2901
m 2850 2967
m 2851 2891
m 2855 3983
m 2856 3626
m 2857 3061
m 2863 3785
m 2866 3349
m 2867 3351
m 2884 2962
m 2885 3719
m 2887 3631
m 2889 3552
m 2896 3971
m 2898 3417
m 2903 3408
m 2907 3950
m 2913 3858
m 2916 3376
m 2918 3057
m 2919 3113
m 2925 3550
m 2926 3861
m 2931 3492
m 2933 3853
m 2935 3058
m 2937 2953
m 2945 3537
m 2947 3201
m 2951 3469
m 2952 3239
m 2963 3060
m 2968 2973
m 2970 3127
m 2971 3806
m 2972 3183
m 2977 3582
m 2982 3039
m 2988 3452
m 2989 3793
m 2997 3532
m 3000 3140
m 3003 3894
m 3004 3920
m 3005 3108
m 3016 3781
m 3018 3204
m 3019 3075
m 3035 3342
m 3036 3052
m 3038 3698
m 3040 3230
m 3042 3989
m 3044 3476
m 3045 3627
m 3047 3927
m 3050 3463
m 3054 3099
m 3055 3600
m 3056 3182
m 3062 3084
m 3064 3821
m 3065 3112
m 3066 3289
m 3069 3206
m 3076 3328
m 3077 3714
m 3078 3654
m 3080 3160
m 3082 3685
m 3086 3639
m 3087 3702
m 3090 3527
m 3091 3202
m 3106 3494
m 3107 3217
m 3109 3590
m 3110 3308
m 3114 3597
m 3126 3726
m 3130 3304
m 3133 3333
m 3135 3913
m 3139 3705
m 3142 3496
m 3145 3192
m 3147 3877
m 3151 3605
m 3153 3480
m 3162 3524
m 3164 3260
m 3167 3549
m 3172 3344
m 3173 3189
m 3185 3763
m 3186 3733
m 3191 3991
m 3197 3563
m 3199 3252
m 3210 3350
m 3212 3818
m 3215 3844
m 3219 3508
m 3228 3299
m 3236 3381
m 3241 3423
m 3244 3270
m 3245 3593
m 3253 3942
m 3255 3899
m 3256 3411
m 3261 3870
m 3264 3892
m 3266 3418
m 3276 3415
m 3280 3929
m 3282 3529
m 3283 3972
m 3285 3859
m 3288 3842
m 3303 3424
m 3310 3340
m 3317 3655
m 3332 3834
m 3338 3810
m 3341 3722
m 3343 3860
m 3346 3940
m 3359 3977
m 3363 3522
m 3366 3784
m 3369 3902
m 3370 3633
m 3371 3664
m 3373 3931
m 3374 3405
m 3375 3539
m 3383 3573
m 3385 3613
m 3387 3999
m 3388 3773
m 3393 3403
m 3406 3471
m 3412 3598
m 3413 3884
m 3414 3990
m 3421 3986
m 3427 3629
m 3431 3666
m 3434 3752
m 3436 3779
m 3437 3617
m 3441 3560
m 3442 3488
m 3444 3648
m 3445 3577
m 3454 3846
m 3455 3955
m 3456 3716
m 3457 3656
m 3467 3995
m 3470 3586
m 3472 3620
m 3474 3715
m 3477 3669
m 3479 3500
m 3493 3516
m 3501 3544
m 3512 3827
m 3517 3555
m 3520 3973
m 3521 3949
m 3525 3851
m 3526 3948
m 3528 3670
m 3533 3712
m 3534 3744
m 3540 3795
m 3546 3747
m 3548 3561
m 3557 3909
m 3558 3800
m 3559 3812
m 3562 3838
m 3580 3789
m 3583 3634
m 3587 3671
m 3588 3974
m 3591 3872
m 3594 3923
m 3599 3711
m 3602 3686
m 3604 3925
m 3606 3882
m 3610 3854
m 3616 3683
m 3621 3988
m 3638 3710
m 3640 3952
m 3641 3963
m 3644 3695
m 3645 3890
m 3657 3699
m 3660 3852
m 3661 3770
m 3662 3836
m 3663 3813
m 3667 3897
m 3674 3891
m 3675 3830
m 3682 3727
m 3684 3687
m 3690 3721
m 3691 3837
m 3693 3924
m 3704 3970
m 3708 3895
m 3720 3751
m 3724 3808
m 3728 3968
m 3731 3946
m 3734 3889
m 3739 3901
m 3745 3790
m 3753 3869
m 3755 3820
m 3756 3839
m 3759 3865
m 3761 3863
m 3774 3829
m 3777 3792
m 3799 3941
m 3801 3965
m 3802 3893
m 3805 3831
m 3807 3959
m 3809 3815
m 3811 3828
m 3822 3866
m 3823 3910
m 3825 3976
m 3862 3879
m 3871 3975
m 3875 3954
m 3878 3937
m 3888 3961
m 3903 3926
m 3905 3915
m 3917 3945
m 3928 3932
m 3951 3985
m 3953 3979
m 3956 3957
m 3981 3982
m 3994 3996
