s 1517439311
m 1 2
m 3 4
m 5 6
m 7 8
m 9 10
m 11 12
m 13 14
m 15 16
m 17 18
m 19 20
m 21 22
m 23 24
m 25 26
m 27 28
m 29 30
m 31 32
m 33 34
m 35 36
m 37 38
m 39 40
m 41 42
m 43 44
m 45 46
m 47 48
m 49 50
m 51 52
m 53 54
m 55 56
m 57 58
m 59 60
m 61 62
m 63 64
m 65 66
m 67 68
m 69 70
m 71 72
m 73 74
m 75 76
m 77 78
m 79 80
m 81 82
m 83 84
m 85 86
m 87 88
m 89 90
m 91 92
m 93 94
m 95 96
m 97 98
m 99 100
m 101 102
m 103 104
m 105 106
m 107 108
m 109 110
m 111 112
m 113 114
m 115 116
m 117 118
m 119 120
m 121 122
m 123 124
m 125 126
m 127 128
m 129 130
m 131 132
m 133 134
m 135 136
m 137 138
m 139 140
m 141 142
m 143 144
m 145 146
m 147 148
m 149 150
m 151 152
m 153 154
m 155 156
m 157 158
m 159 160
m 161 162
m 163 164
m 165 166
m 167 168
m 169 170
m 171 172
m 173 174
m 175 176
m 177 178
m 179 180
m 181 182
m 183 184
m 185 186
m 187 188
m 189 190
m 191 192
m 193 194
m 195 196
m 197 198
m 199 200
m 201 202
m 203 204
m 205 206
m 207 208
m 209 210
m 211 212
m 213 214
m 215 216
m 217 218
m 219 220
m 221 222
m 223 224
m 225 226
m 227 228
m 229 230
m 231 232
m 233 234
m 235 236
m 237 238
m 239 240
m 241 242
m 243 244
m 245 246
m 247 248
m 249 250
m 251 252
m 253 254
m 255 256
m 257 258
m 259 260
m 261 262
m 263 264
m 265 266
m 267 268
m 269 270
m 271 272
m 273 274
m 275 276
m 277 278
m 279 280
m 281 282
m 283 284
m 285 286
m 287 288
m 289 290
m 291 292
m 293 294
m 295 296
m 297 298
m 299 300
m 301 302
m 303 304
m 305 306
m 307 308
m 309 310
m 311 312
m 313 314
m 315 316
m 317 318
m 319 320
m 321 322
m 323 324
m 325 326
m 327 328
m 329 330
m 331 332
m 333 334
m 335 336
m 337 338
m 339 340
m 341 342
m 343 344
m 345 346
m 347 348
m 349 350
m 351 352
m 353 354
m 355 356
m 357 358
m 359 360
m 361 362
m 363 364
m 365 366
m 367 368
m 369 370
m 371 372
m 373 374
m 375 376
m 377 378
m 379 380
m 381 382
m 383 384
m 385 386
m 387 388
m 389 390
m 391 392
m 393 394
m 395 396
m 397 398
m 399 400
m 401 402
m 403 404
m 405 406
m 407 408
m 409 410
m 411 412
m 413 414
m 415 416
m 417 418
m 419 420
m 421 422
m 423 424
m 425 426
m 427 428
m 429 430
m 431 432
m 433 434
m 435 436
m 437 438
m 439 440
m 441 442
m 443 444
m 445 446
m 447 448
m 449 450
m 451 452
m 453 454
m 455 456
m 457 458
m 459 460
m 461 462
m 463 464
m 465 466
m 467 468
m 469 470
m 471 472
m 473 474
m 475 476
m 477 478
m 479 480
m 481 482
m 483 484
m 485 486
m 487 488
m 489 490
m 491 492
m 493 494
m 495 496
m 497 498
m 499 500
m 501 502
m 503 504
m 505 506
m 507 508
m 509 510
m 511 512
m 513 514
m 515 516
m 517 518
m 519 520
m 521 522
m 523 524
m 525 526
m 527 528
m 529 530
m 531 532
m 533 534
m 535 536
m 537 538
m 539 540
m 541 542
m 543 544
m 545 546
m 547 548
m 549 550
m 551 552
m 553 554
m 555 556
m 557 558
m 559 560
m 561 562
m 563 564
m 565 566
m 567 568
m 569 570
m 571 572
m 573 574
m 575 576
m 577 578
m 579 580
m 581 582
m 583 584
m 585 586
m 587 588
m 589 590
m 591 592
m 593 594
m 595 596
m 597 598
m 599 600
m 601 602
m 603 604
m 605 606
m 607 608
m 609 610
m 611 612
m 613 614
m 615 616
m 617 618
m 619 620
m 621 622
m 623 624
m 625 626
m 627 628
m 629 630
m 631 632
m 633 634
m 635 636
m 637 638
m 639 640
m 641 642
m 643 644
m 645 646
m 647 648
m 649 650
m 651 652
m 653 654
m 655 656
m 657 658
m 659 660
m 661 662
m 663 664
m 665 666
m 667 668
m 669 670
m 671 672
m 673 674
m 675 676
m 677 678
m 679 680
m 681 682
m 683 684
m 685 686
m 687 688
m 689 690
m 691 692
m 693 694
m 695 696
m 697 698
m 699 700
m 701 702
m 703 704
m 705 706
m 707 708
m 709 710
m 711 712
m 713 714
m 715 716
m 717 718
m 719 720
m 721 722
m 723 724
m 725 726
m 727 728
m 729 730
m 731 732
m 733 734
m 735 736
m 737 738
m 739 740
m 741 742
m 743 744
m 745 746
m 747 748
m 749 750
m 751 752
m 753 754
m 755 756
m 757 758
m 759 760
m 761 762
m 763 764
m 765 766
m 767 768
m 769 770
m 771 772
m 773 774
m 775 776
m 777 778
m 779 780
m 781 782
m 783 784
m 785 786
m 787 788
m 789 790
m 791 792
m 793 794
m 795 796
m 797 798
m 799 800
m 801 802
m 803 804
m 805 806
m 807 808
m 809 810
m 811 812
m 813 814
m 815 816
m 817 818
m 819 820
m 821 822
m 823 824
m 825 826
m 827 828
m 829 830
m 831 832
m 833 834
m 835 836
m 837 838
m 839 840
m 841 842
m 843 844
m 845 846
m 847 848
m 849 850
m 851 852
m 853 854
m 855 856
m 857 858
m 859 860
m 861 862
m 863 864
m 865 866
m 867 868
m 869 870
m 871 872
m 873 874
m 875 876
m 877 878
m 879 880
m 881 882
m 883 884
m 885 886
m 887 888
m 889 890
m 891 892
m 893 894
m 895 896
m 897 898
m 899 900
m 901 902
m 903 904
m 905 906
m 907 908
m 909 910
m 911 912
m 913 914
m 915 916
m 917 918
m 919 920
m 921 922
m 923 924
m 925 926
m 927 928
m 929 930
m 931 932
m 933 934
m 935 936
m 937 938
m 939 940
m 941 942
m 943 944
m 945 946
m 947 948
m 949 950
m 951 952
m 953 954
m 955 956
m 957 958
m 959 960
m 961 962
m 963 964
m 965 966
m 967 968
m 969 970
m 971 972
m 973 974
m 975 976
m 977 978
m 979 980
m 981 982
m 983 984
m 985 986
m 987 988
m 989 990
m 991 992
m 993 994
m 995 996
m 997 998
m 999 1000
m 1001 1002
m 1003 1004
m 1005 1006
m 1007 1008
m 1009 1010
m 1011 1012
m 1013 1014
m 1015 1016
m 1017 1018
m 1019 1020
m 1021 1022
m 1023 1024
m 1025 1026
m 1027 1028
m 1029 1030
m 1031 1032
m 1033 1034
m 1035 1036
m 1037 1038
m 1039 1040
m 1041 1042
m 1043 1044
m 1045 1046
m 1047 1048
m 1049 1050
m 1051 1052
m 1053 1054
m 1055 1056
m 1057 1058
m 1059 1060
m 1061 1062
m 1063 1064
m 1065 1066
m 1067 1068
m 1069 1070
m 1071 1072
m 1073 1074
m 1075 1076
m 1077 1078
m 1079 1080
m 1081 1082
m 1083 1084
m 1085 1086
m 1087 1088
m 1089 1090
m 1091 1092
m 1093 1094
m 1095 1096
m 1097 1098
m 1099 1100
m 1101 1102
m 1103 1104
m 1105 1106
m 1107 1108
m 1109 1110
m 1111 1112
m 1113 1114
m 1115 1116
m 1117 1118
m 1119 1120
m 1121 1122
m 1123 1124
m 1125 1126
m 1127 1128
m 1129 1130
m 1131 1132
m 1133 1134
m 1135 1136
m 1137 1138
m 1139 1140
m 1141 1142
m 1143 1144
m 1145 1146
m 1147 1148
m 1149 1150
m 1151 1152
m 1153 1154
m 1155 1156
m 1157 1158
m 1159 1160
m 1161 1162
m 1163 1164
m 1165 1166
m 1167 1168
m 1169 1170
m 1171 1172
m 1173 1174
m 1175 1176
m 1177 1178
m 1179 1180
m 1181 1182
m 1183 1184
m 1185 1186
m 1187 1188
m 1189 1190
m 1191 1192
m 1193 1194
m 1195 1196
m 1197 1198
m 1199 1200
m 1201 1202
m 1203 1204
m 1205 1206
m 1207 1208
m 1209 1210
m 1211 1212
m 1213 1214
m 1215 1216
m 1217 1218
m 1219 1220
m 1221 1222
m 1223 1224
m 1225 1226
m 1227 1228
m 1229 1230
m 1231 1232
m 1233 1234
m 1235 1236
m 1237 1238
m 1239 1240
m 1241 1242
m 1243 1244
m 1245 1246
m 1247 1248
m 1249 1250
m 1251 1252
m 1253 1254
m 1255 1256
m 1257 1258
m 1259 1260
m 1261 1262
m 1263 1264
m 1265 1266
m 1267 1268
m 1269 1270
m 1271 1272
m 1273 1274
m 1275 1276
m 1277 1278
m 1279 1280
m 1281 1282
m 1283 1284
m 1285 1286
m 1287 1288
m 1289 1290
m 1291 1292
m 1293 1294
m 1295 1296
m 1297 1298
m 1299 1300
m 1301 1302
m 1303 1304
m 1305 1306
m 1307 1308
m 1309 1310
m 1311 1312
m 1313 1314
m 1315 1316
m 1317 1318
m 1319 1320
m 1321 1322
m 1323 1324
m 1325 1326
m 1327 1328
m 1329 1330
m 1331 1332
m 1333 1334
m 1335 1336
m 1337 1338
m 1339 1340
m 1341 1342
m 1343 1344
m 1345 1346
m 1347 1348
m 1349 1350
m 1351 1352
m 1353 1354
m 1355 1356
m 1357 1358
m 1359 1360
m 1361 1362
m 1363 1364
m 1365 1366
m 1367 1368
m 1369 1370
m 1371 1372
m 1373 1374
m 1375 1376
m 1377 1378
m 1379 1380
m 1381 1382
m 1383 1384
m 1385 1386
m 1387 1388
m 1389 1390
m 1391 1392
m 1393 1394
m 1395 1396
m 1397 1398
m 1399 1400
m 1401 1402
m 1403 1404
m 1405 1406
m 1407 1408
m 1409 1410
m 1411 1412
m 1413 1414
m 1415 1416
m 1417 1418
m 1419 1420
m 1421 1422
m 1423 1424
m 1425 1426
m 1427 1428
m 1429 1430
m 1431 1432
m 1433 1434
m 1435 1436
m 1437 1438
m 1439 1440
m 1441 1442
m 1443 1444
m 1445 1446
m 1447 1448
m 1449 1450
m 1451 1452
m 1453 1454
m 1455 1456
m 1457 1458
m 1459 1460
m 1461 1462
m 1463 1464
m 1465 1466
m 1467 1468
m 1469 1470
m 1471 1472
m 1473 1474
m 1475 1476
m 1477 1478
m 1479 1480
m 1481 1482
m 1483 1484
m 1485 1486
m 1487 1488
m 1489 1490
m 1491 1492
m 1493 1494
m 1495 1496
m 1497 1498
m 1499 1500
m 1501 1502
m 1503 1504
m 1505 1506
m 1507 1508
m 1509 1510
m 1511 1512
m 1513 1514
m 1515 1516
m 1517 1518
m 1519 1520
m 1521 1522
m 1523 1524
m 1525 1526
m 1527 1528
m 1529 1530
m 1531 1532
m 1533 1534
m 1535 1536
m 1537 1538
m 1539 1540
m 1541 1542
m 1543 1544
m 1545 1546
m 1547 1548
m 1549 1550
m 1551 1552
m 1553 1554
m 1555 1556
m 1557 1558
m 1559 1560
m 1561 1562
m 1563 1564
m 1565 1566
m 1567 1568
m 1569 1570
m 1571 1572
m 1573 1574
m 1575 1576
m 1577 1578
m 1579 1580
m 1581 1582
m 1583 1584
m 1585 1586
m 1587 1588
m 1589 1590
m 1591 1592
m 1593 1594
m 1595 1596
m 1597 1598
m 1599 1600
m 1601 1602
m 1603 1604
m 1605 1606
m 1607 1608
m 1609 1610
m 1611 1612
m 1613 1614
m 1615 1616
m 1617 1618
m 1619 1620
m 1621 1622
m 1623 1624
m 1625 1626
m 1627 1628
m 1629 1630
m 1631 1632
m 1633 1634
m 1635 1636
m 1637 1638
m 1639 1640
m 1641 1642
m 1643 1644
m 1645 1646
m 1647 1648
m 1649 1650
m 1651 1652
m 1653 1654
m 1655 1656
m 1657 1658
m 1659 1660
m 1661 1662
m 1663 1664
m 1665 1666
m 1667 1668
m 1669 1670
m 1671 1672
m 1673 1674
m 1675 1676
m 1677 1678
m 1679 1680
m 1681 1682
m 1683 1684
m 1685 1686
m 1687 1688
m 1689 1690
m 1691 1692
m 1693 1694
m 1695 1696
m 1697 1698
m 1699 1700
m 1701 1702
m 1703 1704
m 1705 1706
m 1707 1708
m 1709 1710
m 1711 1712
m 1713 1714
m 1715 1716
m 1717 1718
m 1719 1720
m 1721 1722
m 1723 1724
m 1725 1726
m 1727 1728
m 1729 1730
m 1731 1732
m 1733 1734
m 1735 1736
m 1737 1738
m 1739 1740
m 1741 1742
m 1743 1744
m 1745 1746
m 1747 1748
m 1749 1750
m 1751 1752
m 1753 1754
m 1755 1756
m 1757 1758
m 1759 1760
m 1761 1762
m 1763 1764
m 1765 1766
m 1767 1768
m 1769 1770
m 1771 1772
m 1773 1774
m 1775 1776
m 1777 1778
m 1779 1780
m 1781 1782
m 1783 1784
m 1785 1786
m 1787 1788
m 1789 1790
m 1791 1792
m 1793 1794
m 1795 1796
m 1797 1798
m 1799 1800
m 1801 1802
m 1803 1804
m 1805 1806
m 1807 1808
m 1809 1810
m 1811 1812
m 1813 1814
m 1815 1816
m 1817 1818
m 1819 1820
m 1821 1822
m 1823 1824
m 1825 1826
m 1827 1828
m 1829 1830
m 1831 1832
m 1833 1834
m 1835 1836
m 1837 1838
m 1839 1840
m 1841 1842
m 1843 1844
m 1845 1846
m 1847 1848
m 1849 1850
m 1851 1852
m 1853 1854
m 1855 1856
m 1857 1858
m 1859 1860
m 1861 1862
m 1863 1864
m 1865 1866
m 1867 1868
m 1869 1870
m 1871 1872
m 1873 1874
m 1875 1876
m 1877 1878
m 1879 1880
m 1881 1882
m 1883 1884
m 1885 1886
m 1887 1888
m 1889 1890
m 1891 1892
m 1893 1894
m 1895 1896
m 1897 1898
m 1899 1900
m 1901 1902
m 1903 1904
m 1905 1906
m 1907 1908
m 1909 1910
m 1911 1912
m 1913 1914
m 1915 1916
m 1917 1918
m 1919 1920
m 1921 1922
m 1923 1924
m 1925 1926
m 1927 1928
m 1929 1930
m 1931 1932
m 1933 1934
m 1935 1936
m 1937 1938
m 1939 1940
m 1941 1942
m 1943 1944
m 1945 1946
m 1947 1948
m 1949 1950
m 1951 1952
m 1953 1954
m 1955 1956
m 1957 1958
m 1959 1960
m 1961 1962
m 1963 1964
m 1965 1966
m 1967 1968
m 1969 1970
m 1971 1972
m 1973 1974
m 1975 1976
m 1977 1978
m 1979 1980
m 1981 1982
m 1983 1984
m 1985 1986
m 1987 1988
m 1989 1990
m 1991 1992
m 1993 1994
m 1995 1996
m 1997 1998
m 1999 2000
m 2001 2002
m 2003 2004
