s 23546254436
m 1 2
m 3 4
m 5 6
m 7 8
m 9 10
m 11 12
m 13 14
m 15 16
m 17 18
m 19 20
m 21 22
m 23 24
m 25 26
m 27 28
m 29 30
m 31 32
m 33 34
m 35 36
m 37 38
m 39 40
m 41 42
m 43 44
m 45 46
m 47 48
m 49 50
m 51 52
m 53 54
m 55 56
m 57 58
m 59 60
m 61 62
m 63 64
m 65 66
m 67 68
m 69 70
m 71 72
m 73 74
m 75 76
m 77 78
m 79 80
m 81 82
m 83 84
m 85 86
m 87 88
m 89 90
m 91 92
m 93 94
m 95 96
m 97 98
m 99 100
m 101 102
m 103 104
m 105 106
m 107 108
m 109 110
m 111 112
m 113 114
m 115 116
m 117 118
m 119 120
m 121 122
m 123 124
m 125 126
m 127 128
m 129 130
m 131 132
m 133 134
m 135 136
m 137 138
m 139 140
m 141 142
m 143 144
m 145 146
m 147 148
m 149 150
m 151 152
m 153 154
m 155 156
m 157 158
m 159 160
m 161 162
m 163 164
m 165 166
m 167 168
m 169 170
m 171 172
m 173 174
m 175 176
m 177 178
m 179 180
m 181 182
m 183 184
m 185 186
m 187 188
m 189 190
m 191 192
m 193 194
m 195 196
m 197 198
m 199 200
m 201 202
m 203 204
m 205 206
m 207 208
m 209 210
m 211 212
m 213 214
m 215 216
m 217 218
m 219 220
m 221 222
m 223 224
m 225 226
m 227 228
m 229 230
m 231 232
m 233 234
m 235 236
m 237 238
m 239 240
m 241 242
m 243 244
m 245 246
m 247 248
m 249 250
m 251 252
m 253 254
m 255 256
m 257 258
m 259 260
m 261 262
m 263 264
m 265 266
m 267 268
m 269 270
m 271 272
m 273 274
m 275 276
m 277 278
m 279 280
m 281 282
m 283 284
m 285 286
m 287 288
m 289 290
m 291 292
m 293 294
m 295 296
m 297 298
m 299 300
m 301 302
m 303 304
m 305 306
m 307 308
m 309 310
m 311 312
m 313 314
m 315 316
m 317 318
m 319 320
m 321 322
m 323 324
m 325 326
m 327 328
m 329 330
m 331 332
m 333 334
m 335 336
m 337 338
m 339 340
m 341 342
m 343 344
m 345 346
m 347 348
m 349 350
m 351 352
m 353 354
m 355 356
m 357 358
m 359 360
m 361 362
m 363 364
m 365 366
m 367 368
m 369 370
m 371 372
m 373 374
m 375 376
m 377 378
m 379 380
m 381 382
m 383 384
m 385 386
m 387 388
m 389 390
m 391 392
m 393 394
m 395 396
m 397 398
m 399 400
m 401 402
m 403 404
m 405 406
m 407 408
m 409 410
m 411 412
m 413 414
m 415 416
m 417 418
m 419 420
m 421 422
m 423 424
m 425 426
m 427 428
m 429 430
m 431 432
m 433 434
m 435 436
m 437 438
m 439 440
m 441 442
m 443 444
m 445 446
m 447 448
m 449 450
m 451 452
m 453 454
m 455 456
m 457 458
m 459 460
m 461 462
m 463 464
m 465 466
m 467 468
m 469 470
m 471 472
m 473 474
m 475 476
m 477 478
m 479 480
m 481 482
m 483 484
m 485 486
m 487 488
m 489 490
m 491 492
m 493 494
m 495 496
m 497 498
m 499 500
m 501 502
m 503 504
m 505 506
m 507 508
m 509 510
m 511 512
m 513 514
m 515 516
m 517 518
m 519 520
m 521 522
m 523 524
m 525 526
m 527 528
m 529 530
m 531 532
m 533 534
m 535 536
m 537 538
m 539 540
m 541 542
m 543 544
m 545 546
m 547 548
m 549 550
m 551 552
m 553 554
m 555 556
m 557 558
m 559 560
m 561 562
m 563 564
m 565 566
m 567 568
m 569 570
m 571 572
m 573 574
m 575 576
m 577 578
m 579 580
m 581 582
m 583 584
m 585 586
m 587 588
m 589 590
m 591 592
m 593 594
m 595 596
m 597 598
m 599 600
m 601 602
m 603 604
m 605 606
m 607 608
m 609 610
m 611 612
m 613 614
m 615 616
m 617 618
m 619 620
m 621 622
m 623 624
m 625 626
m 627 628
m 629 630
m 631 632
m 633 634
m 635 636
m 637 638
m 639 640
m 641 642
m 643 644
m 645 646
m 647 648
m 649 650
m 651 652
m 653 654
m 655 656
m 657 658
m 659 660
m 661 662
m 663 664
m 665 666
m 667 668
m 669 670
m 671 672
m 673 674
m 675 676
m 677 678
m 679 680
m 681 682
m 683 684
m 685 686
m 687 688
m 689 690
m 691 692
m 693 694
m 695 696
m 697 698
m 699 700
m 701 702
m 703 704
m 705 706
m 707 708
m 709 710
m 711 712
m 713 714
m 715 716
m 717 718
m 719 720
m 721 722
m 723 724
m 725 726
m 727 728
m 729 730
m 731 732
m 733 734
m 735 736
m 737 738
m 739 740
m 741 742
m 743 744
m 745 746
m 747 748
m 749 750
m 751 752
m 753 754
m 755 756
m 757 758
m 759 760
m 761 762
m 763 764
m 765 766
m 767 768
m 769 770
m 771 772
m 773 774
m 775 776
m 777 778
m 779 780
m 781 782
m 783 784
m 785 786
m 787 788
m 789 790
m 791 792
m 793 794
m 795 796
m 797 798
m 799 800
m 801 802
m 803 804
m 805 806
m 807 808
m 809 810
m 811 812
m 813 814
m 815 816
m 817 818
m 819 820
m 821 822
m 823 824
m 825 826
m 827 828
m 829 830
m 831 832
m 833 834
m 835 836
m 837 838
m 839 840
m 841 842
m 843 844
m 845 846
m 847 848
m 849 850
m 851 852
m 853 854
m 855 856
m 857 858
m 859 860
m 861 862
m 863 864
m 865 866
m 867 868
m 869 870
m 871 872
m 873 874
m 875 876
m 877 878
m 879 880
m 881 882
m 883 884
m 885 886
m 887 888
m 889 890
m 891 892
m 893 894
m 895 896
m 897 898
m 899 900
m 901 902
m 903 904
m 905 906
m 907 908
m 909 910
m 911 912
m 913 914
m 915 916
m 917 918
m 919 920
m 921 922
m 923 924
m 925 926
m 927 928
m 929 930
m 931 932
m 933 934
m 935 936
m 937 938
m 939 940
m 941 942
m 943 944
m 945 946
m 947 948
m 949 950
m 951 952
m 953 954
m 955 956
m 957 958
m 959 960
m 961 962
m 963 964
m 965 966
m 967 968
m 969 970
m 971 972
m 973 974
m 975 976
m 977 978
m 979 980
m 981 982
m 983 984
m 985 986
m 987 988
m 989 990
m 991 992
m 993 994
m 995 996
m 997 998
m 999 1000
m 1001 1002
m 1003 1004
m 1005 1006
m 1007 1008
m 1009 1010
m 1011 1012
m 1013 1014
m 1015 1016
m 1017 1018
m 1019 1020
m 1021 1022
m 1023 1024
m 1025 1026
m 1027 1028
m 1029 1030
m 1031 1032
m 1033 1034
m 1035 1036
m 1037 1038
m 1039 1040
m 1041 1042
m 1043 1044
m 1045 1046
m 1047 1048
m 1049 1050
m 1051 1052
m 1053 1054
m 1055 1056
m 1057 1058
m 1059 1060
m 1061 1062
m 1063 1064
m 1065 1066
m 1067 1068
m 1069 1070
m 1071 1072
m 1073 1074
m 1075 1076
m 1077 1078
m 1079 1080
m 1081 1082
m 1083 1084
m 1085 1086
m 1087 1088
m 1089 1090
m 1091 1092
m 1093 1094
m 1095 1096
m 1097 1098
m 1099 1100
m 1101 1102
m 1103 1104
m 1105 1106
m 1107 1108
m 1109 1110
m 1111 1112
m 1113 1114
m 1115 1116
m 1117 1118
m 1119 1120
m 1121 1122
m 1123 1124
m 1125 1126
m 1127 1128
m 1129 1130
m 1131 1132
m 1133 1134
m 1135 1136
m 1137 1138
m 1139 1140
m 1141 1142
m 1143 1144
m 1145 1146
m 1147 1148
m 1149 1150
m 1151 1152
m 1153 1154
m 1155 1156
m 1157 1158
m 1159 1160
m 1161 1162
m 1163 1164
m 1165 1166
m 1167 1168
m 1169 1170
m 1171 1172
m 1173 1174
m 1175 1176
m 1177 1178
m 1179 1180
m 1181 1182
m 1183 1184
m 1185 1186
m 1187 1188
m 1189 1190
m 1191 1192
m 1193 1194
m 1195 1196
m 1197 1198
m 1199 1200
m 1201 1202
m 1203 1204
m 1205 1206
m 1207 1208
m 1209 1210
m 1211 1212
m 1213 1214
m 1215 1216
m 1217 1218
m 1219 1220
m 1221 1222
m 1223 1224
m 1225 1226
m 1227 1228
m 1229 1230
m 1231 1232
m 1233 1234
m 1235 1236
m 1237 1238
m 1239 1240
m 1241 1242
m 1243 1244
m 1245 1246
m 1247 1248
m 1249 1250
m 1251 1252
m 1253 1254
m 1255 1256
m 1257 1258
m 1259 1260
m 1261 1262
m 1263 1264
m 1265 1266
m 1267 1268
m 1269 1270
m 1271 1272
m 1273 1274
m 1275 1276
m 1277 1278
m 1279 1280
m 1281 1282
m 1283 1284
m 1285 1286
m 1287 1288
m 1289 1290
m 1291 1292
m 1293 1294
m 1295 1296
m 1297 1298
m 1299 1300
m 1301 1302
m 1303 1304
m 1305 1306
m 1307 1308
m 1309 1310
m 1311 1312
m 1313 1314
m 1315 1316
m 1317 1318
m 1319 1320
m 1321 1322
m 1323 1324
m 1325 1326
m 1327 1328
m 1329 1330
m 1331 1332
m 1333 1334
m 1335 1336
m 1337 1338
m 1339 1340
m 1341 1342
m 1343 1344
m 1345 1346
m 1347 1348
m 1349 1350
m 1351 1352
m 1353 1354
m 1355 1356
m 1357 1358
m 1359 1360
m 1361 1362
m 1363 1364
m 1365 1366
m 1367 1368
m 1369 1370
m 1371 1372
m 1373 1374
m 1375 1376
m 1377 1378
m 1379 1380
m 1381 1382
m 1383 1384
m 1385 1386
m 1387 1388
m 1389 1390
m 1391 1392
m 1393 1394
m 1395 1396
m 1397 1398
m 1399 1400
m 1401 1402
m 1403 1404
m 1405 1406
m 1407 1408
m 1409 1410
m 1411 1412
m 1413 1414
m 1415 1416
m 1417 1418
m 1419 1420
m 1421 1422
m 1423 1424
m 1425 1426
m 1427 1428
m 1429 1430
m 1431 1432
m 1433 1434
m 1435 1436
m 1437 1438
m 1439 1440
m 1441 1442
m 1443 1444
m 1445 1446
m 1447 1448
m 1449 1450
m 1451 1452
m 1453 1454
m 1455 1456
m 1457 1458
m 1459 1460
m 1461 1462
m 1463 1464
m 1465 1466
m 1467 1468
m 1469 1470
m 1471 1472
m 1473 1474
m 1475 1476
m 1477 1478
m 1479 1480
m 1481 1482
m 1483 1484
m 1485 1486
m 1487 1488
m 1489 1490
m 1491 1492
m 1493 1494
m 1495 1496
m 1497 1498
m 1499 1500
m 1501 1502
m 1503 1504
m 1505 1506
m 1507 1508
m 1509 1510
m 1511 1512
m 1513 1514
m 1515 1516
m 1517 1518
m 1519 1520
m 1521 1522
m 1523 1524
m 1525 1526
m 1527 1528
m 1529 1530
m 1531 1532
m 1533 1534
m 1535 1536
m 1537 1538
m 1539 1540
m 1541 1542
m 1543 1544
m 1545 1546
m 1547 1548
m 1549 1550
m 1551 1552
m 1553 1554
m 1555 1556
m 1557 1558
m 1559 1560
m 1561 1562
m 1563 1564
m 1565 1566
m 1567 1568
m 1569 1570
m 1571 1572
m 1573 1574
m 1575 1576
m 1577 1578
m 1579 1580
m 1581 1582
m 1583 1584
m 1585 1586
m 1587 1588
m 1589 1590
m 1591 1592
m 1593 1594
m 1595 1596
m 1597 1598
m 1599 1600
m 1601 1602
m 1603 1604
m 1605 1606
m 1607 1608
m 1609 1610
m 1611 1612
m 1613 1614
m 1615 1616
m 1617 1618
m 1619 1620
m 1621 1622
m 1623 1624
m 1625 1626
m 1627 1628
m 1629 1630
m 1631 1632
m 1633 1634
m 1635 1636
m 1637 1638
m 1639 1640
m 1641 1642
m 1643 1644
m 1645 1646
m 1647 1648
m 1649 1650
m 1651 1652
m 1653 1654
m 1655 1656
m 1657 1658
m 1659 1660
m 1661 1662
m 1663 1664
m 1665 1666
m 1667 1668
m 1669 1670
m 1671 1672
m 1673 1674
m 1675 1676
m 1677 1678
m 1679 1680
m 1681 1682
m 1683 1684
m 1685 1686
m 1687 1688
m 1689 1690
m 1691 1692
m 1693 1694
m 1695 1696
m 1697 1698
m 1699 1700
m 1701 1702
m 1703 1704
m 1705 1706
m 1707 1708
m 1709 1710
m 1711 1712
m 1713 1714
m 1715 1716
m 1717 1718
m 1719 1720
m 1721 1722
m 1723 1724
m 1725 1726
m 1727 1728
m 1729 1730
m 1731 1732
m 1733 1734
m 1735 1736
m 1737 1738
m 1739 1740
m 1741 1742
m 1743 1744
m 1745 1746
m 1747 1748
m 1749 1750
m 1751 1752
m 1753 1754
m 1755 1756
m 1757 1758
m 1759 1760
m 1761 1762
m 1763 1764
m 1765 1766
m 1767 1768
m 1769 1770
m 1771 1772
m 1773 1774
m 1775 1776
m 1777 1778
m 1779 1780
m 1781 1782
m 1783 1784
m 1785 1786
m 1787 1788
m 1789 1790
m 1791 1792
m 1793 1794
m 1795 1796
m 1797 1798
m 1799 1800
m 1801 1802
m 1803 1804
m 1805 1806
m 1807 1808
m 1809 1810
m 1811 1812
m 1813 1814
m 1815 1816
m 1817 1818
m 1819 1820
m 1821 1822
m 1823 1824
m 1825 1826
m 1827 1828
m 1829 1830
m 1831 1832
m 1833 1834
m 1835 1836
m 1837 1838
m 1839 1840
m 1841 1842
m 1843 1844
m 1845 1846
m 1847 1848
m 1849 1850
m 1851 1852
m 1853 1854
m 1855 1856
m 1857 1858
m 1859 1860
m 1861 1862
m 1863 1864
m 1865 1866
m 1867 1868
m 1869 1870
m 1871 1872
m 1873 1874
m 1875 1876
m 1877 1878
m 1879 1880
m 1881 1882
m 1883 1884
m 1885 1886
m 1887 1888
m 1889 1890
m 1891 1892
m 1893 1894
m 1895 1896
m 1897 1898
m 1899 1900
m 1901 1902
m 1903 1904
m 1905 1906
m 1907 1908
m 1909 1910
m 1911 1912
m 1913 1914
m 1915 1916
m 1917 1918
m 1919 1920
m 1921 1922
m 1923 1924
m 1925 1926
m 1927 1928
m 1929 1930
m 1931 1932
m 1933 1934
m 1935 1936
m 1937 1938
m 1939 1940
m 1941 1942
m 1943 1944
m 1945 1946
m 1947 1948
m 1949 1950
m 1951 1952
m 1953 1954
m 1955 1956
m 1957 1958
m 1959 1960
m 1961 1962
m 1963 1964
m 1965 1966
m 1967 1968
m 1969 1970
m 1971 1972
m 1973 1974
m 1975 1976
m 1977 1978
m 1979 1980
m 1981 1982
m 1983 1984
m 1985 1986
m 1987 1988
m 1989 1990
m 1991 1992
m 1993 1994
m 1995 1996
m 1997 1998
m 1999 2000
m 2001 2002
m 2003 2004
m 2005 2006
m 2007 2008
m 2009 2010
m 2011 2012
m 2013 2014
m 2015 2016
m 2017 2018
m 2019 2020
m 2021 2022
m 2023 2024
m 2025 2026
m 2027 2028
m 2029 2030
m 2031 2032
m 2033 2034
m 2035 2036
m 2037 2038
m 2039 2040
m 2041 2042
m 2043 2044
m 2045 2046
m 2047 2048
m 2049 2050
m 2051 2052
m 2053 2054
m 2055 2056
m 2057 2058
m 2059 2060
m 2061 2062
m 2063 2064
m 2065 2066
m 2067 2068
m 2069 2070
m 2071 2072
m 2073 2074
m 2075 2076
m 2077 2078
m 2079 2080
m 2081 2082
m 2083 2084
m 2085 2086
m 2087 2088
m 2089 2090
m 2091 2092
m 2093 2094
m 2095 2096
m 2097 2098
m 2099 2100
m 2101 2102
m 2103 2104
m 2105 2106
m 2107 2108
m 2109 2110
m 2111 2112
m 2113 2114
m 2115 2116
m 2117 2118
m 2119 2120
m 2121 2122
m 2123 2124
m 2125 2126
m 2127 2128
m 2129 2130
m 2131 2132
m 2133 2134
m 2135 2136
m 2137 2138
m 2139 2140
m 2141 2142
m 2143 2144
m 2145 2146
m 2147 2148
m 2149 2150
m 2151 2152
m 2153 2154
m 2155 2156
m 2157 2158
m 2159 2160
m 2161 2162
m 2163 2164
m 2165 2166
m 2167 2168
m 2169 2170
m 2171 2172
m 2173 2174
m 2175 2176
m 2177 2178
m 2179 2180
m 2181 2182
m 2183 2184
m 2185 2186
m 2187 2188
m 2189 2190
m 2191 2192
m 2193 2194
m 2195 2196
m 2197 2198
m 2199 2200
m 2201 2202
m 2203 2204
m 2205 2206
m 2207 2208
m 2209 2210
m 2211 2212
m 2213 2214
m 2215 2216
m 2217 2218
m 2219 2220
m 2221 2222
m 2223 2224
m 2225 2226
m 2227 2228
m 2229 2230
m 2231 2232
m 2233 2234
m 2235 2236
m 2237 2238
m 2239 2240
m 2241 2242
m 2243 2244
m 2245 2246
m 2247 2248
m 2249 2250
m 2251 2252
m 2253 2254
m 2255 2256
m 2257 2258
m 2259 2260
m 2261 2262
m 2263 2264
m 2265 2266
m 2267 2268
m 2269 2270
m 2271 2272
m 2273 2274
m 2275 2276
m 2277 2278
m 2279 2280
m 2281 2282
m 2283 2284
m 2285 2286
m 2287 2288
m 2289 2290
m 2291 2292
m 2293 2294
m 2295 2296
m 2297 2298
m 2299 2300
m 2301 2302
m 2303 2304
m 2305 2306
m 2307 2308
m 2309 2310
m 2311 2312
m 2313 2314
m 2315 2316
m 2317 2318
m 2319 2320
m 2321 2322
m 2323 2324
m 2325 2326
m 2327 2328
m 2329 2330
m 2331 2332
m 2333 2334
m 2335 2336
m 2337 2338
m 2339 2340
m 2341 2342
m 2343 2344
m 2345 2346
m 2347 2348
m 2349 2350
m 2351 2352
m 2353 2354
m 2355 2356
m 2357 2358
m 2359 2360
m 2361 2362
m 2363 2364
m 2365 2366
m 2367 2368
m 2369 2370
m 2371 2372
m 2373 2374
m 2375 2376
m 2377 2378
m 2379 2380
m 2381 2382
m 2383 2384
m 2385 2386
m 2387 2388
m 2389 2390
m 2391 2392
m 2393 2394
m 2395 2396
m 2397 2398
m 2399 2400
m 2401 2402
m 2403 2404
m 2405 2406
m 2407 2408
m 2409 2410
m 2411 2412
m 2413 2414
m 2415 2416
m 2417 2418
m 2419 2420
m 2421 2422
m 2423 2424
m 2425 2426
m 2427 2428
m 2429 2430
m 2431 2432
m 2433 2434
m 2435 2436
m 2437 2438
m 2439 2440
m 2441 2442
m 2443 2444
m 2445 2446
m 2447 2448
m 2449 2450
m 2451 2452
m 2453 2454
m 2455 2456
m 2457 2458
m 2459 2460
m 2461 2462
m 2463 2464
m 2465 2466
m 2467 2468
m 2469 2470
m 2471 2472
m 2473 2474
m 2475 2476
m 2477 2478
m 2479 2480
m 2481 2482
m 2483 2484
m 2485 2486
m 2487 2488
m 2489 2490
m 2491 2492
m 2493 2494
m 2495 2496
m 2497 2498
m 2499 2500
m 2501 2502
m 2503 2504
m 2505 2506
m 2507 2508
m 2509 2510
m 2511 2512
m 2513 2514
m 2515 2516
m 2517 2518
m 2519 2520
m 2521 2522
m 2523 2524
m 2525 2526
m 2527 2528
m 2529 2530
m 2531 2532
m 2533 2534
m 2535 2536
m 2537 2538
m 2539 2540
m 2541 2542
m 2543 2544
m 2545 2546
m 2547 2548
m 2549 2550
m 2551 2552
m 2553 2554
m 2555 2556
m 2557 2558
m 2559 2560
m 2561 2562
m 2563 2564
m 2565 2566
m 2567 2568
m 2569 2570
m 2571 2572
m 2573 2574
m 2575 2576
m 2577 2578
m 2579 2580
m 2581 2582
m 2583 2584
m 2585 2586
m 2587 2588
m 2589 2590
m 2591 2592
m 2593 2594
m 2595 2596
m 2597 2598
m 2599 2600
m 2601 2602
m 2603 2604
m 2605 2606
m 2607 2608
m 2609 2610
m 2611 2612
m 2613 2614
m 2615 2616
m 2617 2618
m 2619 2620
m 2621 2622
m 2623 2624
m 2625 2626
m 2627 2628
m 2629 2630
m 2631 2632
m 2633 2634
m 2635 2636
m 2637 2638
m 2639 2640
m 2641 2642
m 2643 2644
m 2645 2646
m 2647 2648
m 2649 2650
m 2651 2652
m 2653 2654
m 2655 2656
m 2657 2658
m 2659 2660
m 2661 2662
m 2663 2664
m 2665 2666
m 2667 2668
m 2669 2670
m 2671 2672
m 2673 2674
m 2675 2676
m 2677 2678
m 2679 2680
m 2681 2682
m 2683 2684
m 2685 2686
m 2687 2688
m 2689 2690
m 2691 2692
m 2693 2694
m 2695 2696
m 2697 2698
m 2699 2700
m 2701 2702
m 2703 2704
m 2705 2706
m 2707 2708
m 2709 2710
m 2711 2712
m 2713 2714
m 2715 2716
m 2717 2718
m 2719 2720
m 2721 2722
m 2723 2724
m 2725 2726
m 2727 2728
m 2729 2730
m 2731 2732
m 2733 2734
m 2735 2736
m 2737 2738
m 2739 2740
m 2741 2742
m 2743 2744
m 2745 2746
m 2747 2748
m 2749 2750
m 2751 2752
m 2753 2754
m 2755 2756
m 2757 2758
m 2759 2760
m 2761 2762
m 2763 2764
m 2765 2766
m 2767 2768
m 2769 2770
m 2771 2772
m 2773 2774
m 2775 2776
m 2777 2778
m 2779 2780
m 2781 2782
m 2783 2784
m 2785 2786
m 2787 2788
m 2789 2790
m 2791 2792
m 2793 2794
m 2795 2796
m 2797 2798
m 2799 2800
m 2801 2802
m 2803 2804
m 2805 2806
m 2807 2808
m 2809 2810
m 2811 2812
m 2813 2814
m 2815 2816
m 2817 2818
m 2819 2820
m 2821 2822
m 2823 2824
m 2825 2826
m 2827 2828
m 2829 2830
m 2831 2832
m 2833 2834
m 2835 2836
m 2837 2838
m 2839 2840
m 2841 2842
m 2843 2844
m 2845 2846
m 2847 2848
m 2849 2850
m 2851 2852
m 2853 2854
m 2855 2856
m 2857 2858
m 2859 2860
m 2861 2862
m 2863 2864
m 2865 2866
m 2867 2868
m 2869 2870
m 2871 2872
m 2873 2874
m 2875 2876
m 2877 2878
m 2879 2880
m 2881 2882
m 2883 2884
m 2885 2886
m 2887 2888
m 2889 2890
m 2891 2892
m 2893 2894
m 2895 2896
m 2897 2898
m 2899 2900
m 2901 2902
m 2903 2904
m 2905 2906
m 2907 2908
m 2909 2910
m 2911 2912
m 2913 2914
m 2915 2916
m 2917 2918
m 2919 2920
m 2921 2922
m 2923 2924
m 2925 2926
m 2927 2928
m 2929 2930
m 2931 2932
m 2933 2934
m 2935 2936
m 2937 2938
m 2939 2940
m 2941 2942
m 2943 2944
m 2945 2946
m 2947 2948
m 2949 2950
m 2951 2952
m 2953 2954
m 2955 2956
m 2957 2958
m 2959 2960
m 2961 2962
m 2963 2964
m 2965 2966
m 2967 2968
m 2969 2970
m 2971 2972
m 2973 2974
m 2975 2976
m 2977 2978
m 2979 2980
m 2981 2982
m 2983 2984
m 2985 2986
m 2987 2988
m 2989 2990
m 2991 2992
m 2993 2994
m 2995 2996
m 2997 2998
m 2999 3000
m 3001 3002
m 3003 3004
m 3005 3006
m 3007 3008
m 3009 3010
m 3011 3012
m 3013 3014
m 3015 3016
m 3017 3018
m 3019 3020
m 3021 3022
m 3023 3024
m 3025 3026
m 3027 3028
m 3029 3030
m 3031 3032
m 3033 3034
m 3035 3036
m 3037 3038
m 3039 3040
m 3041 3042
m 3043 3044
m 3045 3046
m 3047 3048
m 3049 3050
m 3051 3052
m 3053 3054
m 3055 3056
m 3057 3058
m 3059 3060
m 3061 3062
m 3063 3064
m 3065 3066
m 3067 3068
m 3069 3070
m 3071 3072
m 3073 3074
m 3075 3076
m 3077 3078
m 3079 3080
m 3081 3082
m 3083 3084
m 3085 3086
m 3087 3088
m 3089 3090
m 3091 3092
m 3093 3094
m 3095 3096
m 3097 3098
m 3099 3100
m 3101 3102
m 3103 3104
m 3105 3106
m 3107 3108
m 3109 3110
m 3111 3112
m 3113 3114
m 3115 3116
m 3117 3118
m 3119 3120
m 3121 3122
m 3123 3124
m 3125 3126
m 3127 3128
m 3129 3130
m 3131 3132
m 3133 3134
m 3135 3136
m 3137 3138
m 3139 3140
m 3141 3142
m 3143 3144
m 3145 3146
m 3147 3148
m 3149 3150
m 3151 3152
m 3153 3154
m 3155 3156
m 3157 3158
m 3159 3160
m 3161 3162
m 3163 3164
m 3165 3166
m 3167 3168
m 3169 3170
m 3171 3172
m 3173 3174
m 3175 3176
m 3177 3178
m 3179 3180
m 3181 3182
m 3183 3184
m 3185 3186
m 3187 3188
m 3189 3190
m 3191 3192
m 3193 3194
m 3195 3196
m 3197 3198
m 3199 3200
m 3201 3202
m 3203 3204
m 3205 3206
m 3207 3208
m 3209 3210
m 3211 3212
m 3213 3214
m 3215 3216
m 3217 3218
m 3219 3220
m 3221 3222
m 3223 3224
m 3225 3226
m 3227 3228
m 3229 3230
m 3231 3232
m 3233 3234
m 3235 3236
m 3237 3238
m 3239 3240
m 3241 3242
m 3243 3244
m 3245 3246
m 3247 3248
m 3249 3250
m 3251 3252
m 3253 3254
m 3255 3256
m 3257 3258
m 3259 3260
m 3261 3262
m 3263 3264
m 3265 3266
m 3267 3268
m 3269 3270
m 3271 3272
m 3273 3274
m 3275 3276
m 3277 3278
m 3279 3280
m 3281 3282
m 3283 3284
m 3285 3286
m 3287 3288
m 3289 3290
m 3291 3292
m 3293 3294
m 3295 3296
m 3297 3298
m 3299 3300
m 3301 3302
m 3303 3304
m 3305 3306
m 3307 3308
m 3309 3310
m 3311 3312
m 3313 3314
m 3315 3316
m 3317 3318
m 3319 3320
m 3321 3322
m 3323 3324
m 3325 3326
m 3327 3328
m 3329 3330
m 3331 3332
m 3333 3334
m 3335 3336
m 3337 3338
m 3339 3340
m 3341 3342
m 3343 3344
m 3345 3346
m 3347 3348
m 3349 3350
m 3351 3352
m 3353 3354
m 3355 3356
m 3357 3358
m 3359 3360
m 3361 3362
m 3363 3364
m 3365 3366
m 3367 3368
m 3369 3370
m 3371 3372
m 3373 3374
m 3375 3376
m 3377 3378
m 3379 3380
m 3381 3382
m 3383 3384
m 3385 3386
m 3387 3388
m 3389 3390
m 3391 3392
m 3393 3394
m 3395 3396
m 3397 3398
m 3399 3400
m 3401 3402
m 3403 3404
m 3405 3406
m 3407 3408
m 3409 3410
m 3411 3412
m 3413 3414
m 3415 3416
m 3417 3418
m 3419 3420
m 3421 3422
m 3423 3424
m 3425 3426
m 3427 3428
m 3429 3430
m 3431 3432
m 3433 3434
m 3435 3436
m 3437 3438
m 3439 3440
m 3441 3442
m 3443 3444
m 3445 3446
m 3447 3448
m 3449 3450
m 3451 3452
m 3453 3454
m 3455 3456
m 3457 3458
m 3459 3460
m 3461 3462
m 3463 3464
m 3465 3466
m 3467 3468
m 3469 3470
m 3471 3472
m 3473 3474
m 3475 3476
m 3477 3478
m 3479 3480
m 3481 3482
m 3483 3484
m 3485 3486
m 3487 3488
m 3489 3490
m 3491 3492
m 3493 3494
m 3495 3496
m 3497 3498
m 3499 3500
m 3501 3502
m 3503 3504
m 3505 3506
m 3507 3508
m 3509 3510
m 3511 3512
m 3513 3514
m 3515 3516
m 3517 3518
m 3519 3520
m 3521 3522
m 3523 3524
m 3525 3526
m 3527 3528
m 3529 3530
m 3531 3532
m 3533 3534
m 3535 3536
m 3537 3538
m 3539 3540
m 3541 3542
m 3543 3544
m 3545 3546
m 3547 3548
m 3549 3550
m 3551 3552
m 3553 3554
m 3555 3556
m 3557 3558
m 3559 3560
m 3561 3562
m 3563 3564
m 3565 3566
m 3567 3568
m 3569 3570
m 3571 3572
m 3573 3574
m 3575 3576
m 3577 3578
m 3579 3580
m 3581 3582
m 3583 3584
m 3585 3586
m 3587 3588
m 3589 3590
m 3591 3592
m 3593 3594
m 3595 3596
m 3597 3598
m 3599 3600
m 3601 3602
m 3603 3604
m 3605 3606
m 3607 3608
m 3609 3610
m 3611 3612
m 3613 3614
m 3615 3616
m 3617 3618
m 3619 3620
m 3621 3622
m 3623 3624
m 3625 3626
m 3627 3628
m 3629 3630
m 3631 3632
m 3633 3634
m 3635 3636
m 3637 3638
m 3639 3640
m 3641 3642
m 3643 3644
m 3645 3646
m 3647 3648
m 3649 3650
m 3651 3652
m 3653 3654
m 3655 3656
m 3657 3658
m 3659 3660
m 3661 3662
m 3663 3664
m 3665 3666
m 3667 3668
m 3669 3670
m 3671 3672
m 3673 3674
m 3675 3676
m 3677 3678
m 3679 3680
m 3681 3682
m 3683 3684
m 3685 3686
m 3687 3688
m 3689 3690
m 3691 3692
m 3693 3694
m 3695 3696
m 3697 3698
m 3699 3700
m 3701 3702
m 3703 3704
m 3705 3706
m 3707 3708
m 3709 3710
m 3711 3712
m 3713 3714
m 3715 3716
m 3717 3718
m 3719 3720
m 3721 3722
m 3723 3724
m 3725 3726
m 3727 3728
m 3729 3730
m 3731 3732
m 3733 3734
m 3735 3736
m 3737 3738
m 3739 3740
m 3741 3742
m 3743 3744
m 3745 3746
m 3747 3748
m 3749 3750
m 3751 3752
m 3753 3754
m 3755 3756
m 3757 3758
m 3759 3760
m 3761 3762
m 3763 3764
m 3765 3766
m 3767 3768
m 3769 3770
m 3771 3772
m 3773 3774
m 3775 3776
m 3777 3778
m 3779 3780
m 3781 3782
m 3783 3784
m 3785 3786
m 3787 3788
m 3789 3790
m 3791 3792
m 3793 3794
m 3795 3796
m 3797 3798
m 3799 3800
m 3801 3802
m 3803 3804
m 3805 3806
m 3807 3808
m 3809 3810
m 3811 3812
m 3813 3814
m 3815 3816
m 3817 3818
m 3819 3820
m 3821 3822
m 3823 3824
m 3825 3826
m 3827 3828
m 3829 3830
m 3831 3832
m 3833 3834
m 3835 3836
m 3837 3838
m 3839 3840
m 3841 3842
m 3843 3844
m 3845 3846
m 3847 3848
m 3849 3850
m 3851 3852
m 3853 3854
m 3855 3856
m 3857 3858
m 3859 3860
m 3861 3862
m 3863 3864
m 3865 3866
m 3867 3868
m 3869 3870
m 3871 3872
m 3873 3874
m 3875 3876
m 3877 3878
m 3879 3880
m 3881 3882
m 3883 3884
m 3885 3886
m 3887 3888
m 3889 3890
m 3891 3892
m 3893 3894
m 3895 3896
m 3897 3898
m 3899 3900
m 3901 3902
m 3903 3904
m 3905 3906
m 3907 3908
m 3909 3910
m 3911 3912
m 3913 3914
m 3915 3916
m 3917 3918
m 3919 3920
m 3921 3922
m 3923 3924
m 3925 3926
m 3927 3928
m 3929 3930
m 3931 3932
m 3933 3934
m 3935 3936
m 3937 3938
m 3939 3940
m 3941 3942
m 3943 3944
m 3945 3946
m 3947 3948
m 3949 3950
m 3951 3952
m 3953 3954
m 3955 3956
m 3957 3958
m 3959 3960
m 3961 3962
m 3963 3964
m 3965 3966
m 3967 3968
m 3969 3970
m 3971 3972
m 3973 3974
m 3975 3976
m 3977 3978
m 3979 3980
m 3981 3982
m 3983 3984
m 3985 3986
m 3987 3988
m 3989 3990
m 3991 3992
m 3993 3994
m 3995 3996
m 3997 3998
m 3999 4000
m 4001 4002
m 4003 4004
m 4005 4006
m 4007 4008
m 4009 4010
m 4011 4012
m 4013 4014
m 4015 4016
m 4017 4018
m 4019 4020
m 4021 4022
m 4023 4024
m 4025 4026
m 4027 4028
m 4029 4030
m 4031 4032
m 4033 4034
m 4035 4036
m 4037 4038
m 4039 4040
m 4041 4042
m 4043 4044
m 4045 4046
m 4047 4048
m 4049 4050
m 4051 4052
m 4053 4054
m 4055 4056
m 4057 4058
m 4059 4060
m 4061 4062
m 4063 4064
m 4065 4066
m 4067 4068
m 4069 4070
m 4071 4072
m 4073 4074
m 4075 4076
m 4077 4078
m 4079 4080
m 4081 4082
m 4083 4084
m 4085 4086
m 4087 4088
m 4089 4090
m 4091 4092
m 4093 4094
m 4095 4096
m 4097 4098
m 4099 4100
m 4101 4102
m 4103 4104
m 4105 4106
m 4107 4108
m 4109 4110
m 4111 4112
m 4113 4114
m 4115 4116
m 4117 4118
m 4119 4120
m 4121 4122
m 4123 4124
m 4125 4126
m 4127 4128
m 4129 4130
m 4131 4132
m 4133 4134
m 4135 4136
m 4137 4138
m 4139 4140
m 4141 4142
m 4143 4144
m 4145 4146
m 4147 4148
m 4149 4150
m 4151 4152
m 4153 4154
m 4155 4156
m 4157 4158
m 4159 4160
m 4161 4162
m 4163 4164
m 4165 4166
m 4167 4168
m 4169 4170
m 4171 4172
m 4173 4174
m 4175 4176
m 4177 4178
m 4179 4180
m 4181 4182
m 4183 4184
m 4185 4186
m 4187 4188
m 4189 4190
m 4191 4192
m 4193 4194
m 4195 4196
m 4197 4198
m 4199 4200
m 4201 4202
m 4203 4204
m 4205 4206
m 4207 4208
m 4209 4210
m 4211 4212
m 4213 4214
m 4215 4216
m 4217 4218
m 4219 4220
m 4221 4222
m 4223 4224
m 4225 4226
m 4227 4228
m 4229 4230
m 4231 4232
m 4233 4234
m 4235 4236
m 4237 4238
m 4239 4240
m 4241 4242
m 4243 4244
m 4245 4246
m 4247 4248
m 4249 4250
m 4251 4252
m 4253 4254
m 4255 4256
m 4257 4258
m 4259 4260
m 4261 4262
m 4263 4264
m 4265 4266
m 4267 4268
m 4269 4270
m 4271 4272
m 4273 4274
m 4275 4276
m 4277 4278
m 4279 4280
m 4281 4282
m 4283 4284
m 4285 4286
m 4287 4288
m 4289 4290
m 4291 4292
m 4293 4294
m 4295 4296
m 4297 4298
m 4299 4300
m 4301 4302
m 4303 4304
m 4305 4306
m 4307 4308
m 4309 4310
m 4311 4312
m 4313 4314
m 4315 4316
m 4317 4318
m 4319 4320
m 4321 4322
m 4323 4324
m 4325 4326
m 4327 4328
m 4329 4330
m 4331 4332
m 4333 4334
m 4335 4336
m 4337 4338
m 4339 4340
m 4341 4342
m 4343 4344
m 4345 4346
m 4347 4348
m 4349 4350
m 4351 4352
m 4353 4354
m 4355 4356
m 4357 4358
m 4359 4360
m 4361 4362
m 4363 4364
m 4365 4366
m 4367 4368
m 4369 4370
m 4371 4372
m 4373 4374
m 4375 4376
m 4377 4378
m 4379 4380
m 4381 4382
m 4383 4384
m 4385 4386
m 4387 4388
m 4389 4390
m 4391 4392
m 4393 4394
m 4395 4396
m 4397 4398
m 4399 4400
m 4401 4402
m 4403 4404
m 4405 4406
m 4407 4408
m 4409 4410
m 4411 4412
m 4413 4414
m 4415 4416
m 4417 4418
m 4419 4420
m 4421 4422
m 4423 4424
m 4425 4426
m 4427 4428
m 4429 4430
m 4431 4432
m 4433 4434
m 4435 4436
m 4437 4438
m 4439 4440
m 4441 4442
m 4443 4444
m 4445 4446
m 4447 4448
m 4449 4450
m 4451 4452
m 4453 4454
m 4455 4456
m 4457 4458
m 4459 4460
m 4461 4462
m 4463 4464
m 4465 4466
m 4467 4468
m 4469 4470
m 4471 4472
m 4473 4474
m 4475 4476
m 4477 4478
m 4479 4480
m 4481 4482
m 4483 4484
m 4485 4486
m 4487 4488
m 4489 4490
m 4491 4492
m 4493 4494
m 4495 4496
m 4497 4498
m 4499 4500
m 4501 4502
m 4503 4504
m 4505 4506
m 4507 4508
m 4509 4510
m 4511 4512
m 4513 4514
m 4515 4516
m 4517 4518
m 4519 4520
m 4521 4522
m 4523 4524
m 4525 4526
m 4527 4528
m 4529 4530
m 4531 4532
m 4533 4534
m 4535 4536
m 4537 4538
m 4539 4540
m 4541 4542
m 4543 4544
m 4545 4546
m 4547 4548
m 4549 4550
m 4551 4552
m 4553 4554
m 4555 4556
m 4557 4558
m 4559 4560
m 4561 4562
m 4563 4564
m 4565 4566
m 4567 4568
m 4569 4570
m 4571 4572
m 4573 4574
m 4575 4576
m 4577 4578
m 4579 4580
m 4581 4582
m 4583 4584
m 4585 4586
m 4587 4588
m 4589 4590
m 4591 4592
m 4593 4594
m 4595 4596
m 4597 4598
m 4599 4600
m 4601 4602
m 4603 4604
m 4605 4606
m 4607 4608
m 4609 4610
m 4611 4612
m 4613 4614
m 4615 4616
m 4617 4618
m 4619 4620
m 4621 4622
m 4623 4624
m 4625 4626
m 4627 4628
m 4629 4630
m 4631 4632
m 4633 4634
m 4635 4636
m 4637 4638
m 4639 4640
m 4641 4642
m 4643 4644
m 4645 4646
m 4647 4648
m 4649 4650
m 4651 4652
m 4653 4654
m 4655 4656
m 4657 4658
m 4659 4660
m 4661 4662
m 4663 4664
m 4665 4666
m 4667 4668
m 4669 4670
m 4671 4672
m 4673 4674
m 4675 4676
m 4677 4678
m 4679 4680
m 4681 4682
m 4683 4684
m 4685 4686
m 4687 4688
m 4689 4690
m 4691 4692
m 4693 4694
m 4695 4696
m 4697 4698
m 4699 4700
m 4701 4702
m 4703 4704
m 4705 4706
m 4707 4708
m 4709 4710
m 4711 4712
m 4713 4714
m 4715 4716
m 4717 4718
m 4719 4720
m 4721 4722
m 4723 4724
m 4725 4726
m 4727 4728
m 4729 4730
m 4731 4732
m 4733 4734
m 4735 4736
m 4737 4738
m 4739 4740
m 4741 4742
m 4743 4744
m 4745 4746
m 4747 4748
m 4749 4750
m 4751 4752
m 4753 4754
m 4755 4756
m 4757 4758
m 4759 4760
m 4761 4762
m 4763 4764
m 4765 4766
m 4767 4768
m 4769 4770
m 4771 4772
m 4773 4774
m 4775 4776
m 4777 4778
m 4779 4780
m 4781 4782
m 4783 4784
m 4785 4786
m 4787 4788
m 4789 4790
m 4791 4792
m 4793 4794
m 4795 4796
m 4797 4798
m 4799 4800
m 4801 4802
m 4803 4804
m 4805 4806
m 4807 4808
m 4809 4810
m 4811 4812
m 4813 4814
m 4815 4816
m 4817 4818
m 4819 4820
m 4821 4822
m 4823 4824
m 4825 4826
m 4827 4828
m 4829 4830
m 4831 4832
m 4833 4834
m 4835 4836
m 4837 4838
m 4839 4840
m 4841 4842
m 4843 4844
m 4845 4846
m 4847 4848
m 4849 4850
m 4851 4852
m 4853 4854
m 4855 4856
m 4857 4858
m 4859 4860
m 4861 4862
m 4863 4864
m 4865 4866
m 4867 4868
m 4869 4870
m 4871 4872
m 4873 4874
m 4875 4876
m 4877 4878
m 4879 4880
m 4881 4882
m 4883 4884
m 4885 4886
m 4887 4888
m 4889 4890
m 4891 4892
m 4893 4894
m 4895 4896
m 4897 4898
m 4899 4900
m 4901 4902
m 4903 4904
m 4905 4906
m 4907 4908
m 4909 4910
m 4911 4912
m 4913 4914
m 4915 4916
m 4917 4918
m 4919 4920
m 4921 4922
m 4923 4924
m 4925 4926
m 4927 4928
m 4929 4930
m 4931 4932
m 4933 4934
m 4935 4936
m 4937 4938
m 4939 4940
m 4941 4942
m 4943 4944
m 4945 4946
m 4947 4948
m 4949 4950
m 4951 4952
m 4953 4954
m 4955 4956
m 4957 4958
m 4959 4960
m 4961 4962
m 4963 4964
m 4965 4966
m 4967 4968
m 4969 4970
m 4971 4972
m 4973 4974
m 4975 4976
m 4977 4978
m 4979 4980
m 4981 4982
m 4983 4984
m 4985 4986
m 4987 4988
m 4989 4990
m 4991 4992
m 4993 4994
m 4995 4996
m 4997 4998
m 4999 5000
m 5001 5002
m 5003 5004
