s 2500
m 1 3
m 4 6
m 7 9
m 11 12
m 14 15
m 16 17
m 19 20
m 22 24
m 25 27
m 29 30
m 32 33
m 34 35
m 37 38
m 40 42
m 43 45
m 47 48
m 50 51
m 52 53
m 55 56
m 58 60
m 61 63
m 65 66
m 68 69
m 70 71
m 73 74
m 76 78
m 79 81
m 83 84
m 86 87
m 88 89
m 91 92
m 94 96
m 97 99
m 101 102
m 104 105
m 106 107
m 109 110
m 112 114
m 115 117
m 119 120
m 122 123
m 124 125
m 127 128
m 130 132
m 133 135
m 137 138
m 140 141
m 142 143
m 145 146
m 148 150
m 151 153
m 155 156
m 158 159
m 160 161
m 163 164
m 166 168
m 169 171
m 173 174
m 176 177
m 178 179
m 181 182
m 184 186
m 187 189
m 191 192
m 194 195
m 196 197
m 199 200
m 202 204
m 205 207
m 209 210
m 212 213
m 214 215
m 217 218
m 220 222
m 223 225
m 227 228
m 230 231
m 232 233
m 235 236
m 238 240
m 241 243
m 245 246
m 248 249
m 250 251
m 253 254
m 256 258
m 259 261
m 263 264
m 266 267
m 268 269
m 271 272
m 274 276
m 277 279
m 281 282
m 284 285
m 286 287
m 289 290
m 292 294
m 295 297
m 299 300
m 302 303
m 304 305
m 307 308
m 310 312
m 313 315
m 317 318
m 320 321
m 322 323
m 325 326
m 328 330
m 331 333
m 335 336
m 338 339
m 340 341
m 343 344
m 346 348
m 349 351
m 353 354
m 356 357
m 358 359
m 361 362
m 364 366
m 367 369
m 371 372
m 374 375
m 376 377
m 379 380
m 382 384
m 385 387
m 389 390
m 392 393
m 394 395
m 397 398
m 400 402
m 403 405
m 407 408
m 410 411
m 412 413
m 415 416
m 418 420
m 421 423
m 425 426
m 428 429
m 430 431
m 433 434
m 436 438
m 439 441
m 443 444
m 446 447
m 448 449
m 451 452
m 454 456
m 457 459
m 461 462
m 464 465
m 466 467
m 469 470
m 472 474
m 475 477
m 479 480
m 482 483
m 484 485
m 487 488
m 490 492
m 493 495
m 497 498
m 500 501
m 502 503
m 505 506
m 508 510
m 511 513
m 515 516
m 518 519
m 520 521
m 523 524
m 526 528
m 529 531
m 533 534
m 536 537
m 538 539
m 541 542
m 544 546
m 547 549
m 551 552
m 554 555
m 556 557
m 559 560
m 562 564
m 565 567
m 569 570
m 572 573
m 574 575
m 577 578
m 580 582
m 583 585
m 587 588
m 590 591
m 592 593
m 595 596
m 598 600
m 601 603
m 605 606
m 608 609
m 610 611
m 613 614
m 616 618
m 619 621
m 623 624
m 626 627
m 628 629
m 631 632
m 634 636
m 637 639
m 641 642
m 644 645
m 646 647
m 649 650
m 652 654
m 655 657
m 659 660
m 662 663
m 664 665
m 667 668
m 670 672
m 673 675
m 677 678
m 680 681
m 682 683
m 685 686
m 688 690
m 691 693
m 695 696
m 698 699
m 700 701
m 703 704
m 706 708
m 709 711
m 713 714
m 716 717
m 718 719
m 721 722
m 724 726
m 727 729
m 731 732
m 734 735
m 736 737
m 739 740
m 742 744
m 745 747
m 749 750
m 752 753
m 754 755
m 757 758
m 760 762
m 763 765
m 767 768
m 770 771
m 772 773
m 775 776
m 778 780
m 781 783
m 785 786
m 788 789
m 790 791
m 793 794
m 796 798
m 799 801
m 803 804
m 806 807
m 808 809
m 811 812
m 814 816
m 817 819
m 821 822
m 824 825
m 826 827
m 829 830
m 832 834
m 835 837
m 839 840
m 842 843
m 844 845
m 847 848
m 850 852
m 853 855
m 857 858
m 860 861
m 862 863
m 865 866
m 868 870
m 871 873
m 875 876
m 878 879
m 880 881
m 883 884
m 886 888
m 889 891
m 893 894
m 896 897
m 898 899
m 901 902
m 904 906
m 907 909
m 911 912
m 914 915
m 916 917
m 919 920
m 922 924
m 925 927
m 929 930
m 932 933
m 934 935
m 937 938
m 940 942
m 943 945
m 947 948
m 950 951
m 952 953
m 955 956
m 958 960
m 961 963
m 965 966
m 968 969
m 970 971
m 973 974
m 976 978
m 979 981
m 983 984
m 986 987
m 988 989
m 991 992
m 994 996
m 997 999
m 1001 1002
m 1004 1005
m 1006 1007
m 1009 1010
m 1012 1014
m 1015 1017
m 1019 1020
m 1022 1023
m 1024 1025
m 1027 1028
m 1030 1032
m 1033 1035
m 1037 1038
m 1040 1041
m 1042 1043
m 1045 1046
m 1048 1050
m 1051 1053
m 1055 1056
m 1058 1059
m 1060 1061
m 1063 1064
m 1066 1068
m 1069 1071
m 1073 1074
m 1076 1077
m 1078 1079
m 1081 1082
m 1084 1086
m 1087 1089
m 1091 1092
m 1094 1095
m 1096 1097
m 1099 1100
m 1102 1104
m 1105 1107
m 1109 1110
m 1112 1113
m 1114 1115
m 1117 1118
m 1120 1122
m 1123 1125
m 1127 1128
m 1130 1131
m 1132 1133
m 1135 1136
m 1138 1140
m 1141 1143
m 1145 1146
m 1148 1149
m 1150 1151
m 1153 1154
m 1156 1158
m 1159 1161
m 1163 1164
m 1166 1167
m 1168 1169
m 1171 1172
m 1174 1176
m 1177 1179
m 1181 1182
m 1184 1185
m 1186 1187
m 1189 1190
m 1192 1194
m 1195 1197
m 1199 1200
m 1202 1203
m 1204 1205
m 1207 1208
m 1210 1212
m 1213 1215
m 1217 1218
m 1220 1221
m 1222 1223
m 1225 1226
m 1228 1230
m 1231 1233
m 1235 1236
m 1238 1239
m 1240 1241
m 1243 1244
m 1246 1248
m 1249 1251
m 1253 1254
m 1256 1257
m 1258 1259
m 1261 1262
m 1264 1266
m 1267 1269
m 1271 1272
m 1274 1275
m 1276 1277
m 1279 1280
m 1282 1284
m 1285 1287
m 1289 1290
m 1292 1293
m 1294 1295
m 1297 1298
m 1300 1302
m 1303 1305
m 1307 1308
m 1310 1311
m 1312 1313
m 1315 1316
m 1318 1320
m 1321 1323
m 1325 1326
m 1328 1329
m 1330 1331
m 1333 1334
m 1336 1338
m 1339 1341
m 1343 1344
m 1346 1347
m 1348 1349
m 1351 1352
m 1354 1356
m 1357 1359
m 1361 1362
m 1364 1365
m 1366 1367
m 1369 1370
m 1372 1374
m 1375 1377
m 1379 1380
m 1382 1383
m 1384 1385
m 1387 1388
m 1390 1392
m 1393 1395
m 1397 1398
m 1400 1401
m 1402 1403
m 1405 1406
m 1408 1410
m 1411 1413
m 1415 1416
m 1418 1419
m 1420 1421
m 1423 1424
m 1426 1428
m 1429 1431
m 1433 1434
m 1436 1437
m 1438 1439
m 1441 1442
m 1444 1446
m 1447 1449
m 1451 1452
m 1454 1455
m 1456 1457
m 1459 1460
m 1462 1464
m 1465 1467
m 1469 1470
m 1472 1473
m 1474 1475
m 1477 1478
m 1480 1482
m 1483 1485
m 1487 1488
m 1490 1491
m 1492 1493
m 1495 1496
m 1498 1500
m 1501 1503
m 1505 1506
m 1508 1509
m 1510 1511
m 1513 1514
m 1516 1518
m 1519 1521
m 1523 1524
m 1526 1527
m 1528 1529
m 1531 1532
m 1534 1536
m 1537 1539
m 1541 1542
m 1544 1545
m 1546 1547
m 1549 1550
m 1552 1554
m 1555 1557
m 1559 1560
m 1562 1563
m 1564 1565
m 1567 1568
m 1570 1572
m 1573 1575
m 1577 1578
m 1580 1581
m 1582 1583
m 1585 1586
m 1588 1590
m 1591 1593
m 1595 1596
m 1598 1599
m 1600 1601
m 1603 1604
m 1606 1608
m 1609 1611
m 1613 1614
m 1616 1617
m 1618 1619
m 1621 1622
m 1624 1626
m 1627 1629
m 1631 1632
m 1634 1635
m 1636 1637
m 1639 1640
m 1642 1644
m 1645 1647
m 1649 1650
m 1652 1653
m 1654 1655
m 1657 1658
m 1660 1662
m 1663 1665
m 1667 1668
m 1670 1671
m 1672 1673
m 1675 1676
m 1678 1680
m 1681 1683
m 1685 1686
m 1688 1689
m 1690 1691
m 1693 1694
m 1696 1698
m 1699 1701
m 1703 1704
m 1706 1707
m 1708 1709
m 1711 1712
m 1714 1716
m 1717 1719
m 1721 1722
m 1724 1725
m 1726 1727
m 1729 1730
m 1732 1734
m 1735 1737
m 1739 1740
m 1742 1743
m 1744 1745
m 1747 1748
m 1750 1752
m 1753 1755
m 1757 1758
m 1760 1761
m 1762 1763
m 1765 1766
m 1768 1770
m 1771 1773
m 1775 1776
m 1778 1779
m 1780 1781
m 1783 1784
m 1786 1788
m 1789 1791
m 1793 1794
m 1796 1797
m 1798 1799
m 1801 1802
m 1804 1806
m 1807 1809
m 1811 1812
m 1814 1815
m 1816 1817
m 1819 1820
m 1822 1824
m 1825 1827
m 1829 1830
m 1832 1833
m 1834 1835
m 1837 1838
m 1840 1842
m 1843 1845
m 1847 1848
m 1850 1851
m 1852 1853
m 1855 1856
m 1858 1860
m 1861 1863
m 1865 1866
m 1868 1869
m 1870 1871
m 1873 1874
m 1876 1878
m 1879 1881
m 1883 1884
m 1886 1887
m 1888 1889
m 1891 1892
m 1894 1896
m 1897 1899
m 1901 1902
m 1904 1905
m 1906 1907
m 1909 1910
m 1912 1914
m 1915 1917
m 1919 1920
m 1922 1923
m 1924 1925
m 1927 1928
m 1930 1932
m 1933 1935
m 1937 1938
m 1940 1941
m 1942 1943
m 1945 1946
m 1948 1950
m 1951 1953
m 1955 1956
m 1958 1959
m 1960 1961
m 1963 1964
m 1966 1968
m 1969 1971
m 1973 1974
m 1976 1977
m 1978 1979
m 1981 1982
m 1984 1986
m 1987 1989
m 1991 1992
m 1994 1995
m 1996 1997
m 1999 2000
m 2002 2004
m 2005 2007
m 2009 2010
m 2012 2013
m 2014 2015
m 2017 2018
m 2020 2022
m 2023 2025
m 2027 2028
m 2030 2031
m 2032 2033
m 2035 2036
m 2038 2040
m 2041 2043
m 2045 2046
m 2048 2049
m 2050 2051
m 2053 2054
m 2056 2058
m 2059 2061
m 2063 2064
m 2066 2067
m 2068 2069
m 2071 2072
m 2074 2076
m 2077 2079
m 2081 2082
m 2084 2085
m 2086 2087
m 2089 2090
m 2092 2094
m 2095 2097
m 2099 2100
m 2102 2103
m 2104 2105
m 2107 2108
m 2110 2112
m 2113 2115
m 2117 2118
m 2120 2121
m 2122 2123
m 2125 2126
m 2128 2130
m 2131 2133
m 2135 2136
m 2138 2139
m 2140 2141
m 2143 2144
m 2146 2148
m 2149 2151
m 2153 2154
m 2156 2157
m 2158 2159
m 2161 2162
m 2164 2166
m 2167 2169
m 2171 2172
m 2174 2175
m 2176 2177
m 2179 2180
m 2182 2184
m 2185 2187
m 2189 2190
m 2192 2193
m 2194 2195
m 2197 2198
m 2200 2202
m 2203 2205
m 2207 2208
m 2210 2211
m 2212 2213
m 2215 2216
m 2218 2220
m 2221 2223
m 2225 2226
m 2228 2229
m 2230 2231
m 2233 2234
m 2236 2238
m 2239 2241
m 2243 2244
m 2246 2247
m 2248 2249
m 2251 2252
m 2254 2256
m 2257 2259
m 2261 2262
m 2264 2265
m 2266 2267
m 2269 2270
m 2272 2274
m 2275 2277
m 2279 2280
m 2282 2283
m 2284 2285
m 2287 2288
m 2290 2292
m 2293 2295
m 2297 2298
m 2300 2301
m 2302 2303
m 2305 2306
m 2308 2310
m 2311 2313
m 2315 2316
m 2318 2319
m 2320 2321
m 2323 2324
m 2326 2328
m 2329 2331
m 2333 2334
m 2336 2337
m 2338 2339
m 2341 2342
m 2344 2346
m 2347 2349
m 2351 2352
m 2354 2355
m 2356 2357
m 2359 2360
m 2362 2364
m 2365 2367
m 2369 2370
m 2372 2373
m 2374 2375
m 2377 2378
m 2380 2382
m 2383 2385
m 2387 2388
m 2390 2391
m 2392 2393
m 2395 2396
m 2398 2400
m 2401 2403
m 2405 2406
m 2408 2409
m 2410 2411
m 2413 2414
m 2416 2418
m 2419 2421
m 2423 2424
m 2426 2427
m 2428 2429
m 2431 2432
m 2434 2436
m 2437 2439
m 2441 2442
m 2444 2445
m 2446 2447
m 2449 2450
m 2452 2454
m 2455 2457
m 2459 2460
m 2462 2463
m 2464 2465
m 2467 2468
m 2470 2472
m 2473 2475
m 2477 2478
m 2480 2481
m 2482 2483
m 2485 2486
m 2488 2490
m 2491 2493
m 2495 2496
m 2498 2499
m 2500 2501
m 2503 2504
m 2506 2508
m 2509 2511
m 2513 2514
m 2516 2517
m 2518 2519
m 2521 2522
m 2524 2526
m 2527 2529
m 2531 2532
m 2534 2535
m 2536 2537
m 2539 2540
m 2542 2544
m 2545 2547
m 2549 2550
m 2552 2553
m 2554 2555
m 2557 2558
m 2560 2562
m 2563 2565
m 2567 2568
m 2570 2571
m 2572 2573
m 2575 2576
m 2578 2580
m 2581 2583
m 2585 2586
m 2588 2589
m 2590 2591
m 2593 2594
m 2596 2598
m 2599 2601
m 2603 2604
m 2606 2607
m 2608 2609
m 2611 2612
m 2614 2616
m 2617 2619
m 2621 2622
m 2624 2625
m 2626 2627
m 2629 2630
m 2632 2634
m 2635 2637
m 2639 2640
m 2642 2643
m 2644 2645
m 2647 2648
m 2650 2652
m 2653 2655
m 2657 2658
m 2660 2661
m 2662 2663
m 2665 2666
m 2668 2670
m 2671 2673
m 2675 2676
m 2678 2679
m 2680 2681
m 2683 2684
m 2686 2688
m 2689 2691
m 2693 2694
m 2696 2697
m 2698 2699
m 2701 2702
m 2704 2706
m 2707 2709
m 2711 2712
m 2714 2715
m 2716 2717
m 2719 2720
m 2722 2724
m 2725 2727
m 2729 2730
m 2732 2733
m 2734 2735
m 2737 2738
m 2740 2742
m 2743 2745
m 2747 2748
m 2750 2751
m 2752 2753
m 2755 2756
m 2758 2760
m 2761 2763
m 2765 2766
m 2768 2769
m 2770 2771
m 2773 2774
m 2776 2778
m 2779 2781
m 2783 2784
m 2786 2787
m 2788 2789
m 2791 2792
m 2794 2796
m 2797 2799
m 2801 2802
m 2804 2805
m 2806 2807
m 2809 2810
m 2812 2814
m 2815 2817
m 2819 2820
m 2822 2823
m 2824 2825
m 2827 2828
m 2830 2832
m 2833 2835
m 2837 2838
m 2840 2841
m 2842 2843
m 2845 2846
m 2848 2850
m 2851 2853
m 2855 2856
m 2858 2859
m 2860 2861
m 2863 2864
m 2866 2868
m 2869 2871
m 2873 2874
m 2876 2877
m 2878 2879
m 2881 2882
m 2884 2886
m 2887 2889
m 2891 2892
m 2894 2895
m 2896 2897
m 2899 2900
m 2902 2904
m 2905 2907
m 2909 2910
m 2912 2913
m 2914 2915
m 2917 2918
m 2920 2922
m 2923 2925
m 2927 2928
m 2930 2931
m 2932 2933
m 2935 2936
m 2938 2940
m 2941 2943
m 2945 2946
m 2948 2949
m 2950 2951
m 2953 2954
m 2956 2958
m 2959 2961
m 2963 2964
m 2966 2967
m 2968 2969
m 2971 2972
m 2974 2976
m 2977 2979
m 2981 2982
m 2984 2985
m 2986 2987
m 2989 2990
m 2992 2994
m 2995 2997
m 2999 3000
m 3002 3003
m 3004 3005
m 3007 3008
m 3010 3012
m 3013 3015
m 3017 3018
m 3020 3021
m 3022 3023
m 3025 3026
m 3028 3030
m 3031 3033
m 3035 3036
m 3038 3039
m 3040 3041
m 3043 3044
m 3046 3048
m 3049 3051
m 3053 3054
m 3056 3057
m 3058 3059
m 3061 3062
m 3064 3066
m 3067 3069
m 3071 3072
m 3074 3075
m 3076 3077
m 3079 3080
m 3082 3084
m 3085 3087
m 3089 3090
m 3092 3093
m 3094 3095
m 3097 3098
m 3100 3102
m 3103 3105
m 3107 3108
m 3110 3111
m 3112 3113
m 3115 3116
m 3118 3120
m 3121 3123
m 3125 3126
m 3128 3129
m 3130 3131
m 3133 3134
m 3136 3138
m 3139 3141
m 3143 3144
m 3146 3147
m 3148 3149
m 3151 3152
m 3154 3156
m 3157 3159
m 3161 3162
m 3164 3165
m 3166 3167
m 3169 3170
m 3172 3174
m 3175 3177
m 3179 3180
m 3182 3183
m 3184 3185
m 3187 3188
m 3190 3192
m 3193 3195
m 3197 3198
m 3200 3201
m 3202 3203
m 3205 3206
m 3208 3210
m 3211 3213
m 3215 3216
m 3218 3219
m 3220 3221
m 3223 3224
m 3226 3228
m 3229 3231
m 3233 3234
m 3236 3237
m 3238 3239
m 3241 3242
m 3244 3246
m 3247 3249
m 3251 3252
m 3254 3255
m 3256 3257
m 3259 3260
m 3262 3264
m 3265 3267
m 3269 3270
m 3272 3273
m 3274 3275
m 3277 3278
m 3280 3282
m 3283 3285
m 3287 3288
m 3290 3291
m 3292 3293
m 3295 3296
m 3298 3300
m 3301 3303
m 3305 3306
m 3308 3309
m 3310 3311
m 3313 3314
m 3316 3318
m 3319 3321
m 3323 3324
m 3326 3327
m 3328 3329
m 3331 3332
m 3334 3336
m 3337 3339
m 3341 3342
m 3344 3345
m 3346 3347
m 3349 3350
m 3352 3354
m 3355 3357
m 3359 3360
m 3362 3363
m 3364 3365
m 3367 3368
m 3370 3372
m 3373 3375
m 3377 3378
m 3380 3381
m 3382 3383
m 3385 3386
m 3388 3390
m 3391 3393
m 3395 3396
m 3398 3399
m 3400 3401
m 3403 3404
m 3406 3408
m 3409 3411
m 3413 3414
m 3416 3417
m 3418 3419
m 3421 3422
m 3424 3426
m 3427 3429
m 3431 3432
m 3434 3435
m 3436 3437
m 3439 3440
m 3442 3444
m 3445 3447
m 3449 3450
m 3452 3453
m 3454 3455
m 3457 3458
m 3460 3462
m 3463 3465
m 3467 3468
m 3470 3471
m 3472 3473
m 3475 3476
m 3478 3480
m 3481 3483
m 3485 3486
m 3488 3489
m 3490 3491
m 3493 3494
m 3496 3498
m 3499 3501
m 3503 3504
m 3506 3507
m 3508 3509
m 3511 3512
m 3514 3516
m 3517 3519
m 3521 3522
m 3524 3525
m 3526 3527
m 3529 3530
m 3532 3534
m 3535 3537
m 3539 3540
m 3542 3543
m 3544 3545
m 3547 3548
m 3550 3552
m 3553 3555
m 3557 3558
m 3560 3561
m 3562 3563
m 3565 3566
m 3568 3570
m 3571 3573
m 3575 3576
m 3578 3579
m 3580 3581
m 3583 3584
m 3586 3588
m 3589 3591
m 3593 3594
m 3596 3597
m 3598 3599
m 3601 3602
m 3604 3606
m 3607 3609
m 3611 3612
m 3614 3615
m 3616 3617
m 3619 3620
m 3622 3624
m 3625 3627
m 3629 3630
m 3632 3633
m 3634 3635
m 3637 3638
m 3640 3642
m 3643 3645
m 3647 3648
m 3650 3651
m 3652 3653
m 3655 3656
m 3658 3660
m 3661 3663
m 3665 3666
m 3668 3669
m 3670 3671
m 3673 3674
m 3676 3678
m 3679 3681
m 3683 3684
m 3686 3687
m 3688 3689
m 3691 3692
m 3694 3696
m 3697 3699
m 3701 3702
m 3704 3705
m 3706 3707
m 3709 3710
m 3712 3714
m 3715 3717
m 3719 3720
m 3722 3723
m 3724 3725
m 3727 3728
m 3730 3732
m 3733 3735
m 3737 3738
m 3740 3741
m 3742 3743
m 3745 3746
m 3748 3750
m 3751 3753
m 3755 3756
m 3758 3759
m 3760 3761
m 3763 3764
m 3766 3768
m 3769 3771
m 3773 3774
m 3776 3777
m 3778 3779
m 3781 3782
m 3784 3786
m 3787 3789
m 3791 3792
m 3794 3795
m 3796 3797
m 3799 3800
m 3802 3804
m 3805 3807
m 3809 3810
m 3812 3813
m 3814 3815
m 3817 3818
m 3820 3822
m 3823 3825
m 3827 3828
m 3830 3831
m 3832 3833
m 3835 3836
m 3838 3840
m 3841 3843
m 3845 3846
m 3848 3849
m 3850 3851
m 3853 3854
m 3856 3858
m 3859 3861
m 3863 3864
m 3866 3867
m 3868 3869
m 3871 3872
m 3874 3876
m 3877 3879
m 3881 3882
m 3884 3885
m 3886 3887
m 3889 3890
m 3892 3894
m 3895 3897
m 3899 3900
m 3902 3903
m 3904 3905
m 3907 3908
m 3910 3912
m 3913 3915
m 3917 3918
m 3920 3921
m 3922 3923
m 3925 3926
m 3928 3930
m 3931 3933
m 3935 3936
m 3938 3939
m 3940 3941
m 3943 3944
m 3946 3948
m 3949 3951
m 3953 3954
m 3956 3957
m 3958 3959
m 3961 3962
m 3964 3966
m 3967 3969
m 3971 3972
m 3974 3975
m 3976 3977
m 3979 3980
m 3982 3984
m 3985 3987
m 3989 3990
m 3992 3993
m 3994 3995
m 3997 3998
m 4000 4002
m 4003 4005
m 4007 4008
m 4010 4011
m 4012 4013
m 4015 4016
m 4018 4020
m 4021 4023
m 4025 4026
m 4028 4029
m 4030 4031
m 4033 4034
m 4036 4038
m 4039 4041
m 4043 4044
m 4046 4047
m 4048 4049
m 4051 4052
m 4054 4056
m 4057 4059
m 4061 4062
m 4064 4065
m 4066 4067
m 4069 4070
m 4072 4074
m 4075 4077
m 4079 4080
m 4082 4083
m 4084 4085
m 4087 4088
m 4090 4092
m 4093 4095
m 4097 4098
m 4100 4101
m 4102 4103
m 4105 4106
m 4108 4110
m 4111 4113
m 4115 4116
m 4118 4119
m 4120 4121
m 4123 4124
m 4126 4128
m 4129 4131
m 4133 4134
m 4136 4137
m 4138 4139
m 4141 4142
m 4144 4146
m 4147 4149
m 4151 4152
m 4154 4155
m 4156 4157
m 4159 4160
m 4162 4164
m 4165 4167
m 4169 4170
m 4172 4173
m 4174 4175
m 4177 4178
m 4180 4182
m 4183 4185
m 4187 4188
m 4190 4191
m 4192 4193
m 4195 4196
m 4198 4200
m 4201 4203
m 4205 4206
m 4208 4209
m 4210 4211
m 4213 4214
m 4216 4218
m 4219 4221
m 4223 4224
m 4226 4227
m 4228 4229
m 4231 4232
m 4234 4236
m 4237 4239
m 4241 4242
m 4244 4245
m 4246 4247
m 4249 4250
m 4252 4254
m 4255 4257
m 4259 4260
m 4262 4263
m 4264 4265
m 4267 4268
m 4270 4272
m 4273 4275
m 4277 4278
m 4280 4281
m 4282 4283
m 4285 4286
m 4288 4290
m 4291 4293
m 4295 4296
m 4298 4299
m 4300 4301
m 4303 4304
m 4306 4308
m 4309 4311
m 4313 4314
m 4316 4317
m 4318 4319
m 4321 4322
m 4324 4326
m 4327 4329
m 4331 4332
m 4334 4335
m 4336 4337
m 4339 4340
m 4342 4344
m 4345 4347
m 4349 4350
m 4352 4353
m 4354 4355
m 4357 4358
m 4360 4362
m 4363 4365
m 4367 4368
m 4370 4371
m 4372 4373
m 4375 4376
m 4378 4380
m 4381 4383
m 4385 4386
m 4388 4389
m 4390 4391
m 4393 4394
m 4396 4398
m 4399 4401
m 4403 4404
m 4406 4407
m 4408 4409
m 4411 4412
m 4414 4416
m 4417 4419
m 4421 4422
m 4424 4425
m 4426 4427
m 4429 4430
m 4432 4434
m 4435 4437
m 4439 4440
m 4442 4443
m 4444 4445
m 4447 4448
m 4450 4452
m 4453 4455
m 4457 4458
m 4460 4461
m 4462 4463
m 4465 4466
m 4468 4470
m 4471 4473
m 4475 4476
m 4478 4479
m 4480 4481
m 4483 4484
m 4486 4488
m 4489 4491
m 4493 4494
m 4496 4497
m 4498 4499
m 4501 4502
m 4504 4506
m 4507 4509
m 4511 4512
m 4514 4515
m 4516 4517
m 4519 4520
m 4522 4524
m 4525 4527
m 4529 4530
m 4532 4533
m 4534 4535
m 4537 4538
m 4540 4542
m 4543 4545
m 4547 4548
m 4550 4551
m 4552 4553
m 4555 4556
m 4558 4560
m 4561 4563
m 4565 4566
m 4568 4569
m 4570 4571
m 4573 4574
m 4576 4578
m 4579 4581
m 4583 4584
m 4586 4587
m 4588 4589
m 4591 4592
m 4594 4596
m 4597 4599
m 4601 4602
m 4604 4605
m 4606 4607
m 4609 4610
m 4612 4614
m 4615 4617
m 4619 4620
m 4622 4623
m 4624 4625
m 4627 4628
m 4630 4632
m 4633 4635
m 4637 4638
m 4640 4641
m 4642 4643
m 4645 4646
m 4648 4650
m 4651 4653
m 4655 4656
m 4658 4659
m 4660 4661
m 4663 4664
m 4666 4668
m 4669 4671
m 4673 4674
m 4676 4677
m 4678 4679
m 4681 4682
m 4684 4686
m 4687 4689
m 4691 4692
m 4694 4695
m 4696 4697
m 4699 4700
m 4702 4704
m 4705 4707
m 4709 4710
m 4712 4713
m 4714 4715
m 4717 4718
m 4720 4722
m 4723 4725
m 4727 4728
m 4730 4731
m 4732 4733
m 4735 4736
m 4738 4740
m 4741 4743
m 4745 4746
m 4748 4749
m 4750 4751
m 4753 4754
m 4756 4758
m 4759 4761
m 4763 4764
m 4766 4767
m 4768 4769
m 4771 4772
m 4774 4776
m 4777 4779
m 4781 4782
m 4784 4785
m 4786 4787
m 4789 4790
m 4792 4794
m 4795 4797
m 4799 4800
m 4802 4803
m 4804 4805
m 4807 4808
m 4810 4812
m 4813 4815
m 4817 4818
m 4820 4821
m 4822 4823
m 4825 4826
m 4828 4830
m 4831 4833
m 4835 4836
m 4838 4839
m 4840 4841
m 4843 4844
m 4846 4848
m 4849 4851
m 4853 4854
m 4856 4857
m 4858 4859
m 4861 4862
m 4864 4866
m 4867 4869
m 4871 4872
m 4874 4875
m 4876 4877
m 4879 4880
m 4882 4884
m 4885 4887
m 4889 4890
m 4892 4893
m 4894 4895
m 4897 4898
m 4900 4902
m 4903 4905
m 4907 4908
m 4910 4911
m 4912 4913
m 4915 4916
m 4918 4920
m 4921 4923
m 4925 4926
m 4928 4929
m 4930 4931
m 4933 4934
m 4936 4938
m 4939 4941
m 4943 4944
m 4946 4947
m 4948 4949
m 4951 4952
m 4954 4956
m 4957 4959
m 4961 4962
m 4964 4965
m 4966 4967
m 4969 4970
m 4972 4974
m 4975 4977
m 4979 4980
m 4982 4983
m 4984 4985
m 4987 4988
m 4990 4992
m 4993 4995
m 4997 4998
m 5000 5001
m 5 8
m 10 13
m 18 21
m 23 26
m 28 31
m 36 39
m 41 44
m 46 49
m 54 57
m 59 62
m 64 67
m 72 75
m 77 80
m 82 85
m 90 93
m 95 98
m 100 103
m 108 111
m 113 116
m 118 121
m 126 129
m 131 134
m 136 139
m 144 147
m 149 152
m 154 157
m 162 165
m 167 170
m 172 175
m 180 183
m 185 188
m 190 193
m 198 201
m 203 206
m 208 211
m 216 219
m 221 224
m 226 229
m 234 237
m 239 242
m 244 247
m 252 255
m 257 260
m 262 265
m 270 273
m 275 278
m 280 283
m 288 291
m 293 296
m 298 301
m 306 309
m 311 314
m 316 319
m 324 327
m 329 332
m 334 337
m 342 345
m 347 350
m 352 355
m 360 363
m 365 368
m 370 373
m 378 381
m 383 386
m 388 391
m 396 399
m 401 404
m 406 409
m 414 417
m 419 422
m 424 427
m 432 435
m 437 440
m 442 445
m 450 453
m 455 458
m 460 463
m 468 471
m 473 476
m 478 481
m 486 489
m 491 494
m 496 499
m 504 507
m 509 512
m 514 517
m 522 525
m 527 530
m 532 535
m 540 543
m 545 548
m 550 553
m 558 561
m 563 566
m 568 571
m 576 579
m 581 584
m 586 589
m 594 597
m 599 602
m 604 607
m 612 615
m 617 620
m 622 625
m 630 633
m 635 638
m 640 643
m 648 651
m 653 656
m 658 661
m 666 669
m 671 674
m 676 679
m 684 687
m 689 692
m 694 697
m 702 705
m 707 710
m 712 715
m 720 723
m 725 728
m 730 733
m 738 741
m 743 746
m 748 751
m 756 759
m 761 764
m 766 769
m 774 777
m 779 782
m 784 787
m 792 795
m 797 800
m 802 805
m 810 813
m 815 818
m 820 823
m 828 831
m 833 836
m 838 841
m 846 849
m 851 854
m 856 859
m 864 867
m 869 872
m 874 877
m 882 885
m 887 890
m 892 895
m 900 903
m 905 908
m 910 913
m 918 921
m 923 926
m 928 931
m 936 939
m 941 944
m 946 949
m 954 957
m 959 962
m 964 967
m 972 975
m 977 980
m 982 985
m 990 993
m 995 998
m 1000 1003
m 1008 1011
m 1013 1016
m 1018 1021
m 1026 1029
m 1031 1034
m 1036 1039
m 1044 1047
m 1049 1052
m 1054 1057
m 1062 1065
m 1067 1070
m 1072 1075
m 1080 1083
m 1085 1088
m 1090 1093
m 1098 1101
m 1103 1106
m 1108 1111
m 1116 1119
m 1121 1124
m 1126 1129
m 1134 1137
m 1139 1142
m 1144 1147
m 1152 1155
m 1157 1160
m 1162 1165
m 1170 1173
m 1175 1178
m 1180 1183
m 1188 1191
m 1193 1196
m 1198 1201
m 1206 1209
m 1211 1214
m 1216 1219
m 1224 1227
m 1229 1232
m 1234 1237
m 1242 1245
m 1247 1250
m 1252 1255
m 1260 1263
m 1265 1268
m 1270 1273
m 1278 1281
m 1283 1286
m 1288 1291
m 1296 1299
m 1301 1304
m 1306 1309
m 1314 1317
m 1319 1322
m 1324 1327
m 1332 1335
m 1337 1340
m 1342 1345
m 1350 1353
m 1355 1358
m 1360 1363
m 1368 1371
m 1373 1376
m 1378 1381
m 1386 1389
m 1391 1394
m 1396 1399
m 1404 1407
m 1409 1412
m 1414 1417
m 1422 1425
m 1427 1430
m 1432 1435
m 1440 1443
m 1445 1448
m 1450 1453
m 1458 1461
m 1463 1466
m 1468 1471
m 1476 1479
m 1481 1484
m 1486 1489
m 1494 1497
m 1499 1502
m 1504 1507
m 1512 1515
m 1517 1520
m 1522 1525
m 1530 1533
m 1535 1538
m 1540 1543
m 1548 1551
m 1553 1556
m 1558 1561
m 1566 1569
m 1571 1574
m 1576 1579
m 1584 1587
m 1589 1592
m 1594 1597
m 1602 1605
m 1607 1610
m 1612 1615
m 1620 1623
m 1625 1628
m 1630 1633
m 1638 1641
m 1643 1646
m 1648 1651
m 1656 1659
m 1661 1664
m 1666 1669
m 1674 1677
m 1679 1682
m 1684 1687
m 1692 1695
m 1697 1700
m 1702 1705
m 1710 1713
m 1715 1718
m 1720 1723
m 1728 1731
m 1733 1736
m 1738 1741
m 1746 1749
m 1751 1754
m 1756 1759
m 1764 1767
m 1769 1772
m 1774 1777
m 1782 1785
m 1787 1790
m 1792 1795
m 1800 1803
m 1805 1808
m 1810 1813
m 1818 1821
m 1823 1826
m 1828 1831
m 1836 1839
m 1841 1844
m 1846 1849
m 1854 1857
m 1859 1862
m 1864 1867
m 1872 1875
m 1877 1880
m 1882 1885
m 1890 1893
m 1895 1898
m 1900 1903
m 1908 1911
m 1913 1916
m 1918 1921
m 1926 1929
m 1931 1934
m 1936 1939
m 1944 1947
m 1949 1952
m 1954 1957
m 1962 1965
m 1967 1970
m 1972 1975
m 1980 1983
m 1985 1988
m 1990 1993
m 1998 2001
m 2003 2006
m 2008 2011
m 2016 2019
m 2021 2024
m 2026 2029
m 2034 2037
m 2039 2042
m 2044 2047
m 2052 2055
m 2057 2060
m 2062 2065
m 2070 2073
m 2075 2078
m 2080 2083
m 2088 2091
m 2093 2096
m 2098 2101
m 2106 2109
m 2111 2114
m 2116 2119
m 2124 2127
m 2129 2132
m 2134 2137
m 2142 2145
m 2147 2150
m 2152 2155
m 2160 2163
m 2165 2168
m 2170 2173
m 2178 2181
m 2183 2186
m 2188 2191
m 2196 2199
m 2201 2204
m 2206 2209
m 2214 2217
m 2219 2222
m 2224 2227
m 2232 2235
m 2237 2240
m 2242 2245
m 2250 2253
m 2255 2258
m 2260 2263
m 2268 2271
m 2273 2276
m 2278 2281
m 2286 2289
m 2291 2294
m 2296 2299
m 2304 2307
m 2309 2312
m 2314 2317
m 2322 2325
m 2327 2330
m 2332 2335
m 2340 2343
m 2345 2348
m 2350 2353
m 2358 2361
m 2363 2366
m 2368 2371
m 2376 2379
m 2381 2384
m 2386 2389
m 2394 2397
m 2399 2402
m 2404 2407
m 2412 2415
m 2417 2420
m 2422 2425
m 2430 2433
m 2435 2438
m 2440 2443
m 2448 2451
m 2453 2456
m 2458 2461
m 2466 2469
m 2471 2474
m 2476 2479
m 2484 2487
m 2489 2492
m 2494 2497
m 2502 2505
m 2507 2510
m 2512 2515
m 2520 2523
m 2525 2528
m 2530 2533
m 2538 2541
m 2543 2546
m 2548 2551
m 2556 2559
m 2561 2564
m 2566 2569
m 2574 2577
m 2579 2582
m 2584 2587
m 2592 2595
m 2597 2600
m 2602 2605
m 2610 2613
m 2615 2618
m 2620 2623
m 2628 2631
m 2633 2636
m 2638 2641
m 2646 2649
m 2651 2654
m 2656 2659
m 2664 2667
m 2669 2672
m 2674 2677
m 2682 2685
m 2687 2690
m 2692 2695
m 2700 2703
m 2705 2708
m 2710 2713
m 2718 2721
m 2723 2726
m 2728 2731
m 2736 2739
m 2741 2744
m 2746 2749
m 2754 2757
m 2759 2762
m 2764 2767
m 2772 2775
m 2777 2780
m 2782 2785
m 2790 2793
m 2795 2798
m 2800 2803
m 2808 2811
m 2813 2816
m 2818 2821
m 2826 2829
m 2831 2834
m 2836 2839
m 2844 2847
m 2849 2852
m 2854 2857
m 2862 2865
m 2867 2870
m 2872 2875
m 2880 2883
m 2885 2888
m 2890 2893
m 2898 2901
m 2903 2906
m 2908 2911
m 2916 2919
m 2921 2924
m 2926 2929
m 2934 2937
m 2939 2942
m 2944 2947
m 2952 2955
m 2957 2960
m 2962 2965
m 2970 2973
m 2975 2978
m 2980 2983
m 2988 2991
m 2993 2996
m 2998 3001
m 3006 3009
m 3011 3014
m 3016 3019
m 3024 3027
m 3029 3032
m 3034 3037
m 3042 3045
m 3047 3050
m 3052 3055
m 3060 3063
m 3065 3068
m 3070 3073
m 3078 3081
m 3083 3086
m 3088 3091
m 3096 3099
m 3101 3104
m 3106 3109
m 3114 3117
m 3119 3122
m 3124 3127
m 3132 3135
m 3137 3140
m 3142 3145
m 3150 3153
m 3155 3158
m 3160 3163
m 3168 3171
m 3173 3176
m 3178 3181
m 3186 3189
m 3191 3194
m 3196 3199
m 3204 3207
m 3209 3212
m 3214 3217
m 3222 3225
m 3227 3230
m 3232 3235
m 3240 3243
m 3245 3248
m 3250 3253
m 3258 3261
m 3263 3266
m 3268 3271
m 3276 3279
m 3281 3284
m 3286 3289
m 3294 3297
m 3299 3302
m 3304 3307
m 3312 3315
m 3317 3320
m 3322 3325
m 3330 3333
m 3335 3338
m 3340 3343
m 3348 3351
m 3353 3356
m 3358 3361
m 3366 3369
m 3371 3374
m 3376 3379
m 3384 3387
m 3389 3392
m 3394 3397
m 3402 3405
m 3407 3410
m 3412 3415
m 3420 3423
m 3425 3428
m 3430 3433
m 3438 3441
m 3443 3446
m 3448 3451
m 3456 3459
m 3461 3464
m 3466 3469
m 3474 3477
m 3479 3482
m 3484 3487
m 3492 3495
m 3497 3500
m 3502 3505
m 3510 3513
m 3515 3518
m 3520 3523
m 3528 3531
m 3533 3536
m 3538 3541
m 3546 3549
m 3551 3554
m 3556 3559
m 3564 3567
m 3569 3572
m 3574 3577
m 3582 3585
m 3587 3590
m 3592 3595
m 3600 3603
m 3605 3608
m 3610 3613
m 3618 3621
m 3623 3626
m 3628 3631
m 3636 3639
m 3641 3644
m 3646 3649
m 3654 3657
m 3659 3662
m 3664 3667
m 3672 3675
m 3677 3680
m 3682 3685
m 3690 3693
m 3695 3698
m 3700 3703
m 3708 3711
m 3713 3716
m 3718 3721
m 3726 3729
m 3731 3734
m 3736 3739
m 3744 3747
m 3749 3752
m 3754 3757
m 3762 3765
m 3767 3770
m 3772 3775
m 3780 3783
m 3785 3788
m 3790 3793
m 3798 3801
m 3803 3806
m 3808 3811
m 3816 3819
m 3821 3824
m 3826 3829
m 3834 3837
m 3839 3842
m 3844 3847
m 3852 3855
m 3857 3860
m 3862 3865
m 3870 3873
m 3875 3878
m 3880 3883
m 3888 3891
m 3893 3896
m 3898 3901
m 3906 3909
m 3911 3914
m 3916 3919
m 3924 3927
m 3929 3932
m 3934 3937
m 3942 3945
m 3947 3950
m 3952 3955
m 3960 3963
m 3965 3968
m 3970 3973
m 3978 3981
m 3983 3986
m 3988 3991
m 3996 3999
m 4001 4004
m 4006 4009
m 4014 4017
m 4019 4022
m 4024 4027
m 4032 4035
m 4037 4040
m 4042 4045
m 4050 4053
m 4055 4058
m 4060 4063
m 4068 4071
m 4073 4076
m 4078 4081
m 4086 4089
m 4091 4094
m 4096 4099
m 4104 4107
m 4109 4112
m 4114 4117
m 4122 4125
m 4127 4130
m 4132 4135
m 4140 4143
m 4145 4148
m 4150 4153
m 4158 4161
m 4163 4166
m 4168 4171
m 4176 4179
m 4181 4184
m 4186 4189
m 4194 4197
m 4199 4202
m 4204 4207
m 4212 4215
m 4217 4220
m 4222 4225
m 4230 4233
m 4235 4238
m 4240 4243
m 4248 4251
m 4253 4256
m 4258 4261
m 4266 4269
m 4271 4274
m 4276 4279
m 4284 4287
m 4289 4292
m 4294 4297
m 4302 4305
m 4307 4310
m 4312 4315
m 4320 4323
m 4325 4328
m 4330 4333
m 4338 4341
m 4343 4346
m 4348 4351
m 4356 4359
m 4361 4364
m 4366 4369
m 4374 4377
m 4379 4382
m 4384 4387
m 4392 4395
m 4397 4400
m 4402 4405
m 4410 4413
m 4415 4418
m 4420 4423
m 4428 4431
m 4433 4436
m 4438 4441
m 4446 4449
m 4451 4454
m 4456 4459
m 4464 4467
m 4469 4472
m 4474 4477
m 4482 4485
m 4487 4490
m 4492 4495
m 4500 4503
m 4505 4508
m 4510 4513
m 4518 4521
m 4523 4526
m 4528 4531
m 4536 4539
m 4541 4544
m 4546 4549
m 4554 4557
m 4559 4562
m 4564 4567
m 4572 4575
m 4577 4580
m 4582 4585
m 4590 4593
m 4595 4598
m 4600 4603
m 4608 4611
m 4613 4616
m 4618 4621
m 4626 4629
m 4631 4634
m 4636 4639
m 4644 4647
m 4649 4652
m 4654 4657
m 4662 4665
m 4667 4670
m 4672 4675
m 4680 4683
m 4685 4688
m 4690 4693
m 4698 4701
m 4703 4706
m 4708 4711
m 4716 4719
m 4721 4724
m 4726 4729
m 4734 4737
m 4739 4742
m 4744 4747
m 4752 4755
m 4757 4760
m 4762 4765
m 4770 4773
m 4775 4778
m 4780 4783
m 4788 4791
m 4793 4796
m 4798 4801
m 4806 4809
m 4811 4814
m 4816 4819
m 4824 4827
m 4829 4832
m 4834 4837
m 4842 4845
m 4847 4850
m 4852 4855
m 4860 4863
m 4865 4868
m 4870 4873
m 4878 4881
m 4883 4886
m 4888 4891
m 4896 4899
m 4901 4904
m 4906 4909
m 4914 4917
m 4919 4922
m 4924 4927
m 4932 4935
m 4937 4940
m 4942 4945
m 4950 4953
m 4955 4958
m 4960 4963
m 4968 4971
m 4973 4976
m 4978 4981
m 4986 4989
m 4991 4994
m 4996 4999
