s 501
m 2 3
m 5 6
m 7 8
m 10 11
m 13 15
m 16 18
m 20 21
m 23 24
m 25 26
m 28 29
m 31 33
m 34 36
m 38 39
m 41 42
m 43 44
m 46 47
m 49 51
m 52 54
m 56 57
m 59 60
m 61 62
m 64 65
m 67 69
m 70 72
m 74 75
m 77 78
m 79 80
m 82 83
m 85 87
m 88 90
m 92 93
m 95 96
m 97 98
m 100 101
m 103 105
m 106 108
m 110 111
m 113 114
m 115 116
m 118 119
m 121 123
m 124 126
m 128 129
m 131 132
m 133 134
m 136 137
m 139 141
m 142 144
m 146 147
m 149 150
m 151 152
m 154 155
m 157 159
m 160 162
m 164 165
m 167 168
m 169 170
m 172 173
m 175 177
m 178 180
m 182 183
m 185 186
m 187 188
m 190 191
m 193 195
m 196 198
m 200 201
m 203 204
m 205 206
m 208 209
m 211 213
m 214 216
m 218 219
m 221 222
m 223 224
m 226 227
m 229 231
m 232 234
m 236 237
m 239 240
m 241 242
m 244 245
m 247 249
m 250 252
m 254 255
m 257 258
m 259 260
m 262 263
m 265 267
m 268 270
m 272 273
m 275 276
m 277 278
m 280 281
m 283 285
m 286 288
m 290 291
m 293 294
m 295 296
m 298 299
m 301 303
m 304 306
m 308 309
m 311 312
m 313 314
m 316 317
m 319 321
m 322 324
m 326 327
m 329 330
m 331 332
m 334 335
m 337 339
m 340 342
m 344 345
m 347 348
m 349 350
m 352 353
m 355 357
m 358 360
m 362 363
m 365 366
m 367 368
m 370 371
m 373 375
m 376 378
m 380 381
m 383 384
m 385 386
m 388 389
m 391 393
m 394 396
m 398 399
m 401 402
m 403 404
m 406 407
m 409 411
m 412 414
m 416 417
m 419 420
m 421 422
m 424 425
m 427 429
m 430 432
m 434 435
m 437 438
m 439 440
m 442 443
m 445 447
m 448 450
m 452 453
m 455 456
m 457 458
m 460 461
m 463 465
m 466 468
m 470 471
m 473 474
m 475 476
m 478 479
m 481 483
m 484 486
m 488 489
m 491 492
m 493 494
m 496 497
m 499 501
m 502 504
m 506 507
m 509 510
m 511 512
m 514 515
m 517 519
m 520 522
m 524 525
m 527 528
m 529 530
m 532 533
m 535 537
m 538 540
m 542 543
m 545 546
m 547 548
m 550 551
m 553 555
m 556 558
m 560 561
m 563 564
m 565 566
m 568 569
m 571 573
m 574 576
m 578 579
m 581 582
m 583 584
m 586 587
m 589 591
m 592 594
m 596 597
m 599 600
m 601 602
m 604 605
m 607 609
m 610 612
m 614 615
m 617 618
m 619 620
m 622 623
m 625 627
m 628 630
m 632 633
m 635 636
m 637 638
m 640 641
m 643 645
m 646 648
m 650 651
m 653 654
m 655 656
m 658 659
m 661 663
m 664 666
m 668 669
m 671 672
m 673 674
m 676 677
m 679 681
m 682 684
m 686 687
m 689 690
m 691 692
m 694 695
m 697 699
m 700 702
m 704 705
m 707 708
m 709 710
m 712 713
m 715 717
m 718 720
m 722 723
m 725 726
m 727 728
m 730 731
m 733 735
m 736 738
m 740 741
m 743 744
m 745 746
m 748 749
m 751 753
m 754 756
m 758 759
m 761 762
m 763 764
m 766 767
m 769 771
m 772 774
m 776 777
m 779 780
m 781 782
m 784 785
m 787 789
m 790 792
m 794 795
m 797 798
m 799 800
m 802 803
m 805 807
m 808 810
m 812 813
m 815 816
m 817 818
m 820 821
m 823 825
m 826 828
m 830 831
m 833 834
m 835 836
m 838 839
m 841 843
m 844 846
m 848 849
m 851 852
m 853 854
m 856 857
m 859 861
m 862 864
m 866 867
m 869 870
m 871 872
m 874 875
m 877 879
m 880 882
m 884 885
m 887 888
m 889 890
m 892 893
m 895 897
m 898 900
m 902 903
m 905 906
m 907 908
m 910 911
m 913 915
m 916 918
m 920 921
m 923 924
m 925 926
m 928 929
m 931 933
m 934 936
m 938 939
m 941 942
m 943 944
m 946 947
m 949 951
m 952 954
m 956 957
m 959 960
m 961 962
m 964 965
m 967 969
m 970 972
m 974 975
m 977 978
m 979 980
m 982 983
m 985 987
m 988 990
m 992 993
m 995 996
m 997 998
m 1000 1001
m 1 4
m 9 12
m 14 17
m 19 22
m 27 30
m 32 35
m 37 40
m 45 48
m 50 53
m 55 58
m 63 66
m 68 71
m 73 76
m 81 84
m 86 89
m 91 94
m 99 102
m 104 107
m 109 112
m 117 120
m 122 125
m 127 130
m 135 138
m 140 143
m 145 148
m 153 156
m 158 161
m 163 166
m 171 174
m 176 179
m 181 184
m 189 192
m 194 197
m 199 202
m 207 210
m 212 215
m 217 220
m 225 228
m 230 233
m 235 238
m 243 246
m 248 251
m 253 256
m 261 264
m 266 269
m 271 274
m 279 282
m 284 287
m 289 292
m 297 300
m 302 305
m 307 310
m 315 318
m 320 323
m 325 328
m 333 336
m 338 341
m 343 346
m 351 354
m 356 359
m 361 364
m 369 372
m 374 377
m 379 382
m 387 390
m 392 395
m 397 400
m 405 408
m 410 413
m 415 418
m 423 426
m 428 431
m 433 436
m 441 444
m 446 449
m 451 454
m 459 462
m 464 467
m 469 472
m 477 480
m 482 485
m 487 490
m 495 498
m 500 503
m 505 508
m 513 516
m 518 521
m 523 526
m 531 534
m 536 539
m 541 544
m 549 552
m 554 557
m 559 562
m 567 570
m 572 575
m 577 580
m 585 588
m 590 593
m 595 598
m 603 606
m 608 611
m 613 616
m 621 624
m 626 629
m 631 634
m 639 642
m 644 647
m 649 652
m 657 660
m 662 665
m 667 670
m 675 678
m 680 683
m 685 688
m 693 696
m 698 701
m 703 706
m 711 714
m 716 719
m 721 724
m 729 732
m 734 737
m 739 742
m 747 750
m 752 755
m 757 760
m 765 768
m 770 773
m 775 778
m 783 786
m 788 791
m 793 796
m 801 804
m 806 809
m 811 814
m 819 822
m 824 827
m 829 832
m 837 840
m 842 845
m 847 850
m 855 858
m 860 863
m 865 868
m 873 876
m 878 881
m 883 886
m 891 894
m 896 899
m 901 904
m 909 912
m 914 917
m 919 922
m 927 930
m 932 935
m 937 940
m 945 948
m 950 953
m 955 958
m 963 966
m 968 971
m 973 976
m 981 984
m 986 989
m 991 994
m 999 1002
